127.0.0.1 - - [19/May/2021:20:45:48 +0530] "GET /wordpress/wp-content/plugins/elementor/assets/lib/backbone/backbone.radio.min.js?ver=1.0.4 HTTP/1.1" 304 - "http://localhost/wordpress/company/" "Mozilla/5.0 (Windows NT 10.0; Win64; x64; rv:88.0) Gecko/20100101 Firefox/88.0"
127.0.0.1 - - [19/May/2021:20:45:48 +0530] "GET /wordpress/wp-content/plugins/elementor/assets/lib/backbone/backbone.marionette.min.js?ver=2.4.5.e1 HTTP/1.1" 304 - "http://localhost/wordpress/company/" "Mozilla/5.0 (Windows NT 10.0; Win64; x64; rv:88.0) Gecko/20100101 Firefox/88.0"
127.0.0.1 - - [19/May/2021:20:45:48 +0530] "GET /wordpress/wp-content/plugins/wpforms-lite/assets/js/integrations/elementor/frontend.min.js?ver=1.6.7 HTTP/1.1" 304 - "http://localhost/wordpress/company/" "Mozilla/5.0 (Windows NT 10.0; Win64; x64; rv:88.0) Gecko/20100101 Firefox/88.0"
127.0.0.1 - - [19/May/2021:20:46:16 +0530] "GET /wordpress/wp-content/uploads/2021/01/pharma-company-template-founder-photo.png HTTP/1.1" 304 - "http://localhost/wordpress/company/" "Mozilla/5.0 (Windows NT 10.0; Win64; x64; rv:88.0) Gecko/20100101 Firefox/88.0"
127.0.0.1 - - [19/May/2021:20:46:16 +0530] "GET /wordpress/wp-content/uploads/2021/01/signature.png HTTP/1.1" 304 - "http://localhost/wordpress/company/" "Mozilla/5.0 (Windows NT 10.0; Win64; x64; rv:88.0) Gecko/20100101 Firefox/88.0"
127.0.0.1 - - [19/May/2021:20:46:17 +0530] "GET /wordpress/wp-content/uploads/2021/01/pharma-template-area-of-focus-img.svg HTTP/1.1" 304 - "http://localhost/wordpress/company/" "Mozilla/5.0 (Windows NT 10.0; Win64; x64; rv:88.0) Gecko/20100101 Firefox/88.0"
127.0.0.1 - - [19/May/2021:20:46:20 +0530] "GET /wordpress/wp-content/uploads/2021/01/logo-24.svg HTTP/1.1" 304 - "http://localhost/wordpress/company/" "Mozilla/5.0 (Windows NT 10.0; Win64; x64; rv:88.0) Gecko/20100101 Firefox/88.0"
127.0.0.1 - - [19/May/2021:20:46:20 +0530] "GET /wordpress/wp-content/uploads/2021/01/logo-22.svg HTTP/1.1" 304 - "http://localhost/wordpress/company/" "Mozilla/5.0 (Windows NT 10.0; Win64; x64; rv:88.0) Gecko/20100101 Firefox/88.0"
127.0.0.1 - - [19/May/2021:20:46:20 +0530] "GET /wordpress/wp-content/uploads/2021/01/logo-23.svg HTTP/1.1" 304 - "http://localhost/wordpress/company/" "Mozilla/5.0 (Windows NT 10.0; Win64; x64; rv:88.0) Gecko/20100101 Firefox/88.0"
127.0.0.1 - - [19/May/2021:20:46:20 +0530] "GET /wordpress/wp-content/uploads/2021/01/logo-18.svg HTTP/1.1" 304 - "http://localhost/wordpress/company/" "Mozilla/5.0 (Windows NT 10.0; Win64; x64; rv:88.0) Gecko/20100101 Firefox/88.0"
127.0.0.1 - - [19/May/2021:20:46:26 +0530] "POST /wordpress/wp-admin/admin-ajax.php HTTP/1.1" 200 77 "http://localhost/wordpress/wp-admin/post.php?post=357&action=elementor" "Mozilla/5.0 (Windows NT 10.0; Win64; x64; rv:88.0) Gecko/20100101 Firefox/88.0"
127.0.0.1 - - [19/May/2021:20:46:41 +0530] "POST /wordpress/wp-admin/admin-ajax.php HTTP/1.1" 200 77 "http://localhost/wordpress/wp-admin/post.php?post=357&action=elementor" "Mozilla/5.0 (Windows NT 10.0; Win64; x64; rv:88.0) Gecko/20100101 Firefox/88.0"
::1 - - [19/May/2021:20:46:43 +0530] "POST /wordpress/wp-cron.php?doing_wp_cron=1621437403.0955030918121337890625 HTTP/1.1" 500 4368 "http://localhost/wordpress/wp-cron.php?doing_wp_cron=1621437403.0955030918121337890625" "WordPress/5.7.2; http://localhost/wordpress"
127.0.0.1 - - [19/May/2021:20:46:56 +0530] "POST /wordpress/wp-admin/admin-ajax.php HTTP/1.1" 200 77 "http://localhost/wordpress/wp-admin/post.php?post=357&action=elementor" "Mozilla/5.0 (Windows NT 10.0; Win64; x64; rv:88.0) Gecko/20100101 Firefox/88.0"
127.0.0.1 - - [19/May/2021:20:47:11 +0530] "POST /wordpress/wp-admin/admin-ajax.php HTTP/1.1" 200 77 "http://localhost/wordpress/wp-admin/post.php?post=357&action=elementor" "Mozilla/5.0 (Windows NT 10.0; Win64; x64; rv:88.0) Gecko/20100101 Firefox/88.0"
127.0.0.1 - - [19/May/2021:20:47:15 +0530] "POST /wordpress/wp-admin/admin-ajax.php HTTP/1.1" 200 196 "http://localhost/wordpress/wp-admin/post.php?post=357&action=elementor" "Mozilla/5.0 (Windows NT 10.0; Win64; x64; rv:88.0) Gecko/20100101 Firefox/88.0"
127.0.0.1 - - [19/May/2021:20:47:26 +0530] "POST /wordpress/wp-admin/admin-ajax.php HTTP/1.1" 200 77 "http://localhost/wordpress/wp-admin/post.php?post=357&action=elementor" "Mozilla/5.0 (Windows NT 10.0; Win64; x64; rv:88.0) Gecko/20100101 Firefox/88.0"
127.0.0.1 - - [19/May/2021:20:47:41 +0530] "POST /wordpress/wp-admin/admin-ajax.php HTTP/1.1" 200 77 "http://localhost/wordpress/wp-admin/post.php?post=357&action=elementor" "Mozilla/5.0 (Windows NT 10.0; Win64; x64; rv:88.0) Gecko/20100101 Firefox/88.0"
127.0.0.1 - - [19/May/2021:20:47:56 +0530] "POST /wordpress/wp-admin/admin-ajax.php HTTP/1.1" 200 77 "http://localhost/wordpress/wp-admin/post.php?post=357&action=elementor" "Mozilla/5.0 (Windows NT 10.0; Win64; x64; rv:88.0) Gecko/20100101 Firefox/88.0"
::1 - - [19/May/2021:20:47:57 +0530] "POST /wordpress/wp-cron.php?doing_wp_cron=1621437477.7243809700012207031250 HTTP/1.1" 200 - "http://localhost/wordpress/wp-cron.php?doing_wp_cron=1621437477.7243809700012207031250" "WordPress/5.7.2; http://localhost/wordpress"
127.0.0.1 - - [19/May/2021:20:48:11 +0530] "POST /wordpress/wp-admin/admin-ajax.php HTTP/1.1" 200 77 "http://localhost/wordpress/wp-admin/post.php?post=357&action=elementor" "Mozilla/5.0 (Windows NT 10.0; Win64; x64; rv:88.0) Gecko/20100101 Firefox/88.0"
::1 - - [19/May/2021:20:48:27 +0530] "POST /wordpress/wp-cron.php?doing_wp_cron=1621437507.7494330406188964843750 HTTP/1.1" 200 - "http://localhost/wordpress/wp-cron.php?doing_wp_cron=1621437507.7494330406188964843750" "WordPress/5.7.2; http://localhost/wordpress"
127.0.0.1 - - [19/May/2021:20:48:26 +0530] "POST /wordpress/wp-admin/admin-ajax.php HTTP/1.1" 200 77 "http://localhost/wordpress/wp-admin/post.php?post=357&action=elementor" "Mozilla/5.0 (Windows NT 10.0; Win64; x64; rv:88.0) Gecko/20100101 Firefox/88.0"
127.0.0.1 - - [19/May/2021:20:48:41 +0530] "POST /wordpress/wp-admin/admin-ajax.php HTTP/1.1" 200 77 "http://localhost/wordpress/wp-admin/post.php?post=357&action=elementor" "Mozilla/5.0 (Windows NT 10.0; Win64; x64; rv:88.0) Gecko/20100101 Firefox/88.0"
127.0.0.1 - - [19/May/2021:20:48:56 +0530] "POST /wordpress/wp-admin/admin-ajax.php HTTP/1.1" 200 77 "http://localhost/wordpress/wp-admin/post.php?post=357&action=elementor" "Mozilla/5.0 (Windows NT 10.0; Win64; x64; rv:88.0) Gecko/20100101 Firefox/88.0"
127.0.0.1 - - [19/May/2021:20:48:57 +0530] "POST /wordpress/wp-admin/admin-ajax.php HTTP/1.1" 200 196 "http://localhost/wordpress/wp-admin/post.php?post=357&action=elementor" "Mozilla/5.0 (Windows NT 10.0; Win64; x64; rv:88.0) Gecko/20100101 Firefox/88.0"
127.0.0.1 - - [19/May/2021:20:49:11 +0530] "POST /wordpress/wp-admin/admin-ajax.php HTTP/1.1" 200 77 "http://localhost/wordpress/wp-admin/post.php?post=357&action=elementor" "Mozilla/5.0 (Windows NT 10.0; Win64; x64; rv:88.0) Gecko/20100101 Firefox/88.0"
127.0.0.1 - - [19/May/2021:20:49:26 +0530] "POST /wordpress/wp-admin/admin-ajax.php HTTP/1.1" 200 77 "http://localhost/wordpress/wp-admin/post.php?post=357&action=elementor" "Mozilla/5.0 (Windows NT 10.0; Win64; x64; rv:88.0) Gecko/20100101 Firefox/88.0"
::1 - - [19/May/2021:20:49:27 +0530] "POST /wordpress/wp-cron.php?doing_wp_cron=1621437567.8353610038757324218750 HTTP/1.1" 200 - "http://localhost/wordpress/wp-cron.php?doing_wp_cron=1621437567.8353610038757324218750" "WordPress/5.7.2; http://localhost/wordpress"
127.0.0.1 - - [19/May/2021:20:49:41 +0530] "POST /wordpress/wp-admin/admin-ajax.php HTTP/1.1" 200 77 "http://localhost/wordpress/wp-admin/post.php?post=357&action=elementor" "Mozilla/5.0 (Windows NT 10.0; Win64; x64; rv:88.0) Gecko/20100101 Firefox/88.0"
127.0.0.1 - - [19/May/2021:20:49:56 +0530] "POST /wordpress/wp-admin/admin-ajax.php HTTP/1.1" 200 77 "http://localhost/wordpress/wp-admin/post.php?post=357&action=elementor" "Mozilla/5.0 (Windows NT 10.0; Win64; x64; rv:88.0) Gecko/20100101 Firefox/88.0"
127.0.0.1 - - [19/May/2021:20:50:11 +0530] "POST /wordpress/wp-admin/admin-ajax.php HTTP/1.1" 200 77 "http://localhost/wordpress/wp-admin/post.php?post=357&action=elementor" "Mozilla/5.0 (Windows NT 10.0; Win64; x64; rv:88.0) Gecko/20100101 Firefox/88.0"
::1 - - [19/May/2021:20:50:28 +0530] "POST /wordpress/wp-cron.php?doing_wp_cron=1621437627.9430499076843261718750 HTTP/1.1" 200 - "http://localhost/wordpress/wp-cron.php?doing_wp_cron=1621437627.9430499076843261718750" "WordPress/5.7.2; http://localhost/wordpress"
127.0.0.1 - - [19/May/2021:20:50:26 +0530] "POST /wordpress/wp-admin/admin-ajax.php HTTP/1.1" 200 77 "http://localhost/wordpress/wp-admin/post.php?post=357&action=elementor" "Mozilla/5.0 (Windows NT 10.0; Win64; x64; rv:88.0) Gecko/20100101 Firefox/88.0"
127.0.0.1 - - [19/May/2021:20:50:41 +0530] "POST /wordpress/wp-admin/admin-ajax.php HTTP/1.1" 200 77 "http://localhost/wordpress/wp-admin/post.php?post=357&action=elementor" "Mozilla/5.0 (Windows NT 10.0; Win64; x64; rv:88.0) Gecko/20100101 Firefox/88.0"
127.0.0.1 - - [19/May/2021:20:50:56 +0530] "POST /wordpress/wp-admin/admin-ajax.php HTTP/1.1" 200 77 "http://localhost/wordpress/wp-admin/post.php?post=357&action=elementor" "Mozilla/5.0 (Windows NT 10.0; Win64; x64; rv:88.0) Gecko/20100101 Firefox/88.0"
127.0.0.1 - - [19/May/2021:20:51:11 +0530] "POST /wordpress/wp-admin/admin-ajax.php HTTP/1.1" 200 77 "http://localhost/wordpress/wp-admin/post.php?post=357&action=elementor" "Mozilla/5.0 (Windows NT 10.0; Win64; x64; rv:88.0) Gecko/20100101 Firefox/88.0"
::1 - - [19/May/2021:20:51:27 +0530] "POST /wordpress/wp-cron.php?doing_wp_cron=1621437687.6222140789031982421875 HTTP/1.1" 200 - "http://localhost/wordpress/wp-cron.php?doing_wp_cron=1621437687.6222140789031982421875" "WordPress/5.7.2; http://localhost/wordpress"
127.0.0.1 - - [19/May/2021:20:51:26 +0530] "POST /wordpress/wp-admin/admin-ajax.php HTTP/1.1" 200 77 "http://localhost/wordpress/wp-admin/post.php?post=357&action=elementor" "Mozilla/5.0 (Windows NT 10.0; Win64; x64; rv:88.0) Gecko/20100101 Firefox/88.0"
127.0.0.1 - - [19/May/2021:20:51:41 +0530] "POST /wordpress/wp-admin/admin-ajax.php HTTP/1.1" 200 77 "http://localhost/wordpress/wp-admin/post.php?post=357&action=elementor" "Mozilla/5.0 (Windows NT 10.0; Win64; x64; rv:88.0) Gecko/20100101 Firefox/88.0"
127.0.0.1 - - [19/May/2021:20:51:56 +0530] "POST /wordpress/wp-admin/admin-ajax.php HTTP/1.1" 200 77 "http://localhost/wordpress/wp-admin/post.php?post=357&action=elementor" "Mozilla/5.0 (Windows NT 10.0; Win64; x64; rv:88.0) Gecko/20100101 Firefox/88.0"
127.0.0.1 - - [19/May/2021:20:52:02 +0530] "GET /wordpress/wp-content/plugins/elementor/assets/images/go-pro.svg HTTP/1.1" 304 - "http://localhost/wordpress/wp-admin/post.php?post=357&action=elementor" "Mozilla/5.0 (Windows NT 10.0; Win64; x64; rv:88.0) Gecko/20100101 Firefox/88.0"
127.0.0.1 - - [19/May/2021:20:52:09 +0530] "GET /wordpress/wp-content/plugins/elementor/assets//mask-shapes/circle.svg HTTP/1.1" 200 128 "http://localhost/wordpress/company/?elementor-preview=357&ver=1621437324" "Mozilla/5.0 (Windows NT 10.0; Win64; x64; rv:88.0) Gecko/20100101 Firefox/88.0"
127.0.0.1 - - [19/May/2021:20:52:11 +0530] "POST /wordpress/wp-admin/admin-ajax.php HTTP/1.1" 200 77 "http://localhost/wordpress/wp-admin/post.php?post=357&action=elementor" "Mozilla/5.0 (Windows NT 10.0; Win64; x64; rv:88.0) Gecko/20100101 Firefox/88.0"
127.0.0.1 - - [19/May/2021:20:52:14 +0530] "GET /wordpress/wp-content/plugins/elementor/assets//mask-shapes/sketch.svg HTTP/1.1" 200 1044 "http://localhost/wordpress/company/?elementor-preview=357&ver=1621437324" "Mozilla/5.0 (Windows NT 10.0; Win64; x64; rv:88.0) Gecko/20100101 Firefox/88.0"
127.0.0.1 - - [19/May/2021:20:52:17 +0530] "GET /wordpress/wp-content/plugins/elementor/assets//mask-shapes/flower.svg HTTP/1.1" 200 359 "http://localhost/wordpress/company/?elementor-preview=357&ver=1621437324" "Mozilla/5.0 (Windows NT 10.0; Win64; x64; rv:88.0) Gecko/20100101 Firefox/88.0"
::1 - - [19/May/2021:20:52:27 +0530] "POST /wordpress/wp-cron.php?doing_wp_cron=1621437747.6310780048370361328125 HTTP/1.1" 200 - "http://localhost/wordpress/wp-cron.php?doing_wp_cron=1621437747.6310780048370361328125" "WordPress/5.7.2; http://localhost/wordpress"
127.0.0.1 - - [19/May/2021:20:52:27 +0530] "POST /wordpress/wp-admin/admin-ajax.php HTTP/1.1" 200 77 "http://localhost/wordpress/wp-admin/post.php?post=357&action=elementor" "Mozilla/5.0 (Windows NT 10.0; Win64; x64; rv:88.0) Gecko/20100101 Firefox/88.0"
127.0.0.1 - - [19/May/2021:20:52:30 +0530] "GET /wordpress/wp-includes/css/dashicons.min.css?ver=5.7.2&wp-mce-49110-20201110 HTTP/1.1" 200 59016 "http://localhost/wordpress/wp-admin/post.php?post=357&action=elementor" "Mozilla/5.0 (Windows NT 10.0; Win64; x64; rv:88.0) Gecko/20100101 Firefox/88.0"
127.0.0.1 - - [19/May/2021:20:52:30 +0530] "GET /wordpress/wp-includes/js/tinymce/skins/wordpress/wp-content.css?ver=5.7.2&wp-mce-49110-20201110 HTTP/1.1" 200 8624 "http://localhost/wordpress/wp-admin/post.php?post=357&action=elementor" "Mozilla/5.0 (Windows NT 10.0; Win64; x64; rv:88.0) Gecko/20100101 Firefox/88.0"
127.0.0.1 - - [19/May/2021:20:52:30 +0530] "GET /wordpress/wp-includes/js/tinymce/skins/lightgray/content.min.css?wp-mce-49110-20201110 HTTP/1.1" 200 4017 "http://localhost/wordpress/wp-admin/post.php?post=357&action=elementor" "Mozilla/5.0 (Windows NT 10.0; Win64; x64; rv:88.0) Gecko/20100101 Firefox/88.0"
127.0.0.1 - - [19/May/2021:20:52:30 +0530] "GET /wordpress/wp-content/themes/astra/assets/css/minified/editor-style.min.css?wp-mce-49110-20201110 HTTP/1.1" 200 24906 "http://localhost/wordpress/wp-admin/post.php?post=357&action=elementor" "Mozilla/5.0 (Windows NT 10.0; Win64; x64; rv:88.0) Gecko/20100101 Firefox/88.0"
127.0.0.1 - - [19/May/2021:20:52:30 +0530] "GET /wordpress/wp-includes/js/tinymce/skins/lightgray/skin.min.css?wp-mce-49110-20201110 HTTP/1.1" 200 44010 "http://localhost/wordpress/wp-admin/post.php?post=357&action=elementor" "Mozilla/5.0 (Windows NT 10.0; Win64; x64; rv:88.0) Gecko/20100101 Firefox/88.0"
127.0.0.1 - - [19/May/2021:20:52:30 +0530] "GET /wordpress/wp-includes/js/tinymce/skins/lightgray/fonts/tinymce.woff HTTP/1.1" 200 18824 "http://localhost/wordpress/wp-includes/js/tinymce/skins/lightgray/skin.min.css?wp-mce-49110-20201110" "Mozilla/5.0 (Windows NT 10.0; Win64; x64; rv:88.0) Gecko/20100101 Firefox/88.0"
127.0.0.1 - - [19/May/2021:20:52:29 +0530] "POST /wordpress/wp-admin/admin-ajax.php HTTP/1.1" 200 196 "http://localhost/wordpress/wp-admin/post.php?post=357&action=elementor" "Mozilla/5.0 (Windows NT 10.0; Win64; x64; rv:88.0) Gecko/20100101 Firefox/88.0"
127.0.0.1 - - [19/May/2021:20:52:42 +0530] "POST /wordpress/wp-admin/admin-ajax.php HTTP/1.1" 200 77 "http://localhost/wordpress/wp-admin/post.php?post=357&action=elementor" "Mozilla/5.0 (Windows NT 10.0; Win64; x64; rv:88.0) Gecko/20100101 Firefox/88.0"
127.0.0.1 - - [19/May/2021:20:52:57 +0530] "POST /wordpress/wp-admin/admin-ajax.php HTTP/1.1" 200 77 "http://localhost/wordpress/wp-admin/post.php?post=357&action=elementor" "Mozilla/5.0 (Windows NT 10.0; Win64; x64; rv:88.0) Gecko/20100101 Firefox/88.0"
127.0.0.1 - - [19/May/2021:20:53:12 +0530] "POST /wordpress/wp-admin/admin-ajax.php HTTP/1.1" 200 77 "http://localhost/wordpress/wp-admin/post.php?post=357&action=elementor" "Mozilla/5.0 (Windows NT 10.0; Win64; x64; rv:88.0) Gecko/20100101 Firefox/88.0"
127.0.0.1 - - [19/May/2021:20:53:27 +0530] "POST /wordpress/wp-admin/admin-ajax.php HTTP/1.1" 200 77 "http://localhost/wordpress/wp-admin/post.php?post=357&action=elementor" "Mozilla/5.0 (Windows NT 10.0; Win64; x64; rv:88.0) Gecko/20100101 Firefox/88.0"
::1 - - [19/May/2021:20:53:27 +0530] "POST /wordpress/wp-cron.php?doing_wp_cron=1621437807.4496400356292724609375 HTTP/1.1" 200 - "http://localhost/wordpress/wp-cron.php?doing_wp_cron=1621437807.4496400356292724609375" "WordPress/5.7.2; http://localhost/wordpress"
127.0.0.1 - - [19/May/2021:20:53:42 +0530] "POST /wordpress/wp-admin/admin-ajax.php HTTP/1.1" 200 77 "http://localhost/wordpress/wp-admin/post.php?post=357&action=elementor" "Mozilla/5.0 (Windows NT 10.0; Win64; x64; rv:88.0) Gecko/20100101 Firefox/88.0"
127.0.0.1 - - [19/May/2021:20:53:57 +0530] "POST /wordpress/wp-admin/admin-ajax.php HTTP/1.1" 200 77 "http://localhost/wordpress/wp-admin/post.php?post=357&action=elementor" "Mozilla/5.0 (Windows NT 10.0; Win64; x64; rv:88.0) Gecko/20100101 Firefox/88.0"
127.0.0.1 - - [19/May/2021:20:54:12 +0530] "POST /wordpress/wp-admin/admin-ajax.php HTTP/1.1" 200 77 "http://localhost/wordpress/wp-admin/post.php?post=357&action=elementor" "Mozilla/5.0 (Windows NT 10.0; Win64; x64; rv:88.0) Gecko/20100101 Firefox/88.0"
::1 - - [19/May/2021:20:54:27 +0530] "POST /wordpress/wp-cron.php?doing_wp_cron=1621437867.6089589595794677734375 HTTP/1.1" 200 - "http://localhost/wordpress/wp-cron.php?doing_wp_cron=1621437867.6089589595794677734375" "WordPress/5.7.2; http://localhost/wordpress"
127.0.0.1 - - [19/May/2021:20:54:27 +0530] "POST /wordpress/wp-admin/admin-ajax.php HTTP/1.1" 200 77 "http://localhost/wordpress/wp-admin/post.php?post=357&action=elementor" "Mozilla/5.0 (Windows NT 10.0; Win64; x64; rv:88.0) Gecko/20100101 Firefox/88.0"
127.0.0.1 - - [19/May/2021:20:54:42 +0530] "POST /wordpress/wp-admin/admin-ajax.php HTTP/1.1" 200 77 "http://localhost/wordpress/wp-admin/post.php?post=357&action=elementor" "Mozilla/5.0 (Windows NT 10.0; Win64; x64; rv:88.0) Gecko/20100101 Firefox/88.0"
127.0.0.1 - - [19/May/2021:20:54:57 +0530] "POST /wordpress/wp-admin/admin-ajax.php HTTP/1.1" 200 77 "http://localhost/wordpress/wp-admin/post.php?post=357&action=elementor" "Mozilla/5.0 (Windows NT 10.0; Win64; x64; rv:88.0) Gecko/20100101 Firefox/88.0"
127.0.0.1 - - [19/May/2021:20:55:12 +0530] "POST /wordpress/wp-admin/admin-ajax.php HTTP/1.1" 200 77 "http://localhost/wordpress/wp-admin/post.php?post=357&action=elementor" "Mozilla/5.0 (Windows NT 10.0; Win64; x64; rv:88.0) Gecko/20100101 Firefox/88.0"
::1 - - [19/May/2021:20:55:27 +0530] "POST /wordpress/wp-cron.php?doing_wp_cron=1621437927.7773890495300292968750 HTTP/1.1" 200 - "http://localhost/wordpress/wp-cron.php?doing_wp_cron=1621437927.7773890495300292968750" "WordPress/5.7.2; http://localhost/wordpress"
127.0.0.1 - - [19/May/2021:20:55:27 +0530] "POST /wordpress/wp-admin/admin-ajax.php HTTP/1.1" 200 77 "http://localhost/wordpress/wp-admin/post.php?post=357&action=elementor" "Mozilla/5.0 (Windows NT 10.0; Win64; x64; rv:88.0) Gecko/20100101 Firefox/88.0"
127.0.0.1 - - [19/May/2021:20:55:42 +0530] "POST /wordpress/wp-admin/admin-ajax.php HTTP/1.1" 200 77 "http://localhost/wordpress/wp-admin/post.php?post=357&action=elementor" "Mozilla/5.0 (Windows NT 10.0; Win64; x64; rv:88.0) Gecko/20100101 Firefox/88.0"
127.0.0.1 - - [19/May/2021:20:55:49 +0530] "GET /wordpress/wp-content/themes/astra/assets/css/minified/editor-style.min.css?wp-mce-49110-20201110 HTTP/1.1" 304 - "http://localhost/wordpress/wp-admin/post.php?post=357&action=elementor" "Mozilla/5.0 (Windows NT 10.0; Win64; x64; rv:88.0) Gecko/20100101 Firefox/88.0"
127.0.0.1 - - [19/May/2021:20:55:55 +0530] "POST /wordpress/wp-admin/admin-ajax.php HTTP/1.1" 200 249 "http://localhost/wordpress/wp-admin/post.php?post=357&action=elementor" "Mozilla/5.0 (Windows NT 10.0; Win64; x64; rv:88.0) Gecko/20100101 Firefox/88.0"
127.0.0.1 - - [19/May/2021:20:55:57 +0530] "POST /wordpress/wp-admin/admin-ajax.php HTTP/1.1" 200 77 "http://localhost/wordpress/wp-admin/post.php?post=357&action=elementor" "Mozilla/5.0 (Windows NT 10.0; Win64; x64; rv:88.0) Gecko/20100101 Firefox/88.0"
127.0.0.1 - - [19/May/2021:20:56:12 +0530] "POST /wordpress/wp-admin/admin-ajax.php HTTP/1.1" 200 77 "http://localhost/wordpress/wp-admin/post.php?post=357&action=elementor" "Mozilla/5.0 (Windows NT 10.0; Win64; x64; rv:88.0) Gecko/20100101 Firefox/88.0"
::1 - - [19/May/2021:20:56:27 +0530] "POST /wordpress/wp-cron.php?doing_wp_cron=1621437987.6913690567016601562500 HTTP/1.1" 200 - "http://localhost/wordpress/wp-cron.php?doing_wp_cron=1621437987.6913690567016601562500" "WordPress/5.7.2; http://localhost/wordpress"
127.0.0.1 - - [19/May/2021:20:56:27 +0530] "POST /wordpress/wp-admin/admin-ajax.php HTTP/1.1" 200 77 "http://localhost/wordpress/wp-admin/post.php?post=357&action=elementor" "Mozilla/5.0 (Windows NT 10.0; Win64; x64; rv:88.0) Gecko/20100101 Firefox/88.0"
127.0.0.1 - - [19/May/2021:20:56:42 +0530] "POST /wordpress/wp-admin/admin-ajax.php HTTP/1.1" 200 77 "http://localhost/wordpress/wp-admin/post.php?post=357&action=elementor" "Mozilla/5.0 (Windows NT 10.0; Win64; x64; rv:88.0) Gecko/20100101 Firefox/88.0"
127.0.0.1 - - [19/May/2021:20:56:57 +0530] "POST /wordpress/wp-admin/admin-ajax.php HTTP/1.1" 200 77 "http://localhost/wordpress/wp-admin/post.php?post=357&action=elementor" "Mozilla/5.0 (Windows NT 10.0; Win64; x64; rv:88.0) Gecko/20100101 Firefox/88.0"
127.0.0.1 - - [19/May/2021:20:57:12 +0530] "POST /wordpress/wp-admin/admin-ajax.php HTTP/1.1" 200 77 "http://localhost/wordpress/wp-admin/post.php?post=357&action=elementor" "Mozilla/5.0 (Windows NT 10.0; Win64; x64; rv:88.0) Gecko/20100101 Firefox/88.0"
::1 - - [19/May/2021:20:57:27 +0530] "POST /wordpress/wp-cron.php?doing_wp_cron=1621438047.8337049484252929687500 HTTP/1.1" 200 - "http://localhost/wordpress/wp-cron.php?doing_wp_cron=1621438047.8337049484252929687500" "WordPress/5.7.2; http://localhost/wordpress"
127.0.0.1 - - [19/May/2021:20:57:27 +0530] "POST /wordpress/wp-admin/admin-ajax.php HTTP/1.1" 200 77 "http://localhost/wordpress/wp-admin/post.php?post=357&action=elementor" "Mozilla/5.0 (Windows NT 10.0; Win64; x64; rv:88.0) Gecko/20100101 Firefox/88.0"
127.0.0.1 - - [19/May/2021:20:57:42 +0530] "POST /wordpress/wp-admin/admin-ajax.php HTTP/1.1" 200 77 "http://localhost/wordpress/wp-admin/post.php?post=357&action=elementor" "Mozilla/5.0 (Windows NT 10.0; Win64; x64; rv:88.0) Gecko/20100101 Firefox/88.0"
127.0.0.1 - - [19/May/2021:20:57:57 +0530] "POST /wordpress/wp-admin/admin-ajax.php HTTP/1.1" 200 77 "http://localhost/wordpress/wp-admin/post.php?post=357&action=elementor" "Mozilla/5.0 (Windows NT 10.0; Win64; x64; rv:88.0) Gecko/20100101 Firefox/88.0"
127.0.0.1 - - [19/May/2021:20:58:12 +0530] "POST /wordpress/wp-admin/admin-ajax.php HTTP/1.1" 200 77 "http://localhost/wordpress/wp-admin/post.php?post=357&action=elementor" "Mozilla/5.0 (Windows NT 10.0; Win64; x64; rv:88.0) Gecko/20100101 Firefox/88.0"
::1 - - [19/May/2021:20:58:27 +0530] "POST /wordpress/wp-cron.php?doing_wp_cron=1621438107.7431430816650390625000 HTTP/1.1" 200 - "http://localhost/wordpress/wp-cron.php?doing_wp_cron=1621438107.7431430816650390625000" "WordPress/5.7.2; http://localhost/wordpress"
127.0.0.1 - - [19/May/2021:20:58:27 +0530] "POST /wordpress/wp-admin/admin-ajax.php HTTP/1.1" 200 77 "http://localhost/wordpress/wp-admin/post.php?post=357&action=elementor" "Mozilla/5.0 (Windows NT 10.0; Win64; x64; rv:88.0) Gecko/20100101 Firefox/88.0"
127.0.0.1 - - [19/May/2021:20:58:42 +0530] "POST /wordpress/wp-admin/admin-ajax.php HTTP/1.1" 200 77 "http://localhost/wordpress/wp-admin/post.php?post=357&action=elementor" "Mozilla/5.0 (Windows NT 10.0; Win64; x64; rv:88.0) Gecko/20100101 Firefox/88.0"
127.0.0.1 - - [19/May/2021:20:58:57 +0530] "POST /wordpress/wp-admin/admin-ajax.php HTTP/1.1" 200 77 "http://localhost/wordpress/wp-admin/post.php?post=357&action=elementor" "Mozilla/5.0 (Windows NT 10.0; Win64; x64; rv:88.0) Gecko/20100101 Firefox/88.0"
127.0.0.1 - - [19/May/2021:20:58:58 +0530] "GET /wordpress/wp-content/uploads/2021/01/pharma-company-template-hero-bg.svg HTTP/1.1" 304 - "http://localhost/wordpress/wp-admin/post.php?post=357&action=elementor" "Mozilla/5.0 (Windows NT 10.0; Win64; x64; rv:88.0) Gecko/20100101 Firefox/88.0"
127.0.0.1 - - [19/May/2021:20:59:10 +0530] "GET /wordpress/wp-content/plugins/astra-sites/inc/assets/fonts/astra-sites.ttf?9i8jex HTTP/1.1" 304 - "http://localhost/wordpress/wp-content/plugins/astra-sites/inc/assets/css/admin.css?ver=1" "Mozilla/5.0 (Windows NT 10.0; Win64; x64; rv:88.0) Gecko/20100101 Firefox/88.0"
127.0.0.1 - - [19/May/2021:20:59:12 +0530] "POST /wordpress/wp-admin/admin-ajax.php HTTP/1.1" 200 77 "http://localhost/wordpress/wp-admin/post.php?post=357&action=elementor" "Mozilla/5.0 (Windows NT 10.0; Win64; x64; rv:88.0) Gecko/20100101 Firefox/88.0"
127.0.0.1 - - [19/May/2021:20:59:27 +0530] "POST /wordpress/wp-admin/admin-ajax.php HTTP/1.1" 200 77 "http://localhost/wordpress/wp-admin/post.php?post=357&action=elementor" "Mozilla/5.0 (Windows NT 10.0; Win64; x64; rv:88.0) Gecko/20100101 Firefox/88.0"
::1 - - [19/May/2021:20:59:28 +0530] "POST /wordpress/wp-cron.php?doing_wp_cron=1621438168.0050621032714843750000 HTTP/1.1" 200 - "http://localhost/wordpress/wp-cron.php?doing_wp_cron=1621438168.0050621032714843750000" "WordPress/5.7.2; http://localhost/wordpress"
127.0.0.1 - - [19/May/2021:20:59:42 +0530] "POST /wordpress/wp-admin/admin-ajax.php HTTP/1.1" 200 77 "http://localhost/wordpress/wp-admin/post.php?post=357&action=elementor" "Mozilla/5.0 (Windows NT 10.0; Win64; x64; rv:88.0) Gecko/20100101 Firefox/88.0"
127.0.0.1 - - [19/May/2021:20:59:57 +0530] "POST /wordpress/wp-admin/admin-ajax.php HTTP/1.1" 200 77 "http://localhost/wordpress/wp-admin/post.php?post=357&action=elementor" "Mozilla/5.0 (Windows NT 10.0; Win64; x64; rv:88.0) Gecko/20100101 Firefox/88.0"
127.0.0.1 - - [19/May/2021:21:00:04 +0530] "POST /wordpress/wp-admin/admin-ajax.php HTTP/1.1" 200 550 "http://localhost/wordpress/wp-admin/post.php?post=357&action=elementor" "Mozilla/5.0 (Windows NT 10.0; Win64; x64; rv:88.0) Gecko/20100101 Firefox/88.0"
127.0.0.1 - - [19/May/2021:21:00:06 +0530] "POST /wordpress/wp-admin/admin-ajax.php HTTP/1.1" 200 389 "http://localhost/wordpress/wp-admin/post.php?post=357&action=elementor" "Mozilla/5.0 (Windows NT 10.0; Win64; x64; rv:88.0) Gecko/20100101 Firefox/88.0"
127.0.0.1 - - [19/May/2021:21:00:12 +0530] "POST /wordpress/wp-admin/admin-ajax.php HTTP/1.1" 200 77 "http://localhost/wordpress/wp-admin/post.php?post=357&action=elementor" "Mozilla/5.0 (Windows NT 10.0; Win64; x64; rv:88.0) Gecko/20100101 Firefox/88.0"
::1 - - [19/May/2021:21:00:28 +0530] "POST /wordpress/wp-cron.php?doing_wp_cron=1621438227.9462580680847167968750 HTTP/1.1" 200 - "http://localhost/wordpress/wp-cron.php?doing_wp_cron=1621438227.9462580680847167968750" "WordPress/5.7.2; http://localhost/wordpress"
127.0.0.1 - - [19/May/2021:21:00:27 +0530] "POST /wordpress/wp-admin/admin-ajax.php HTTP/1.1" 200 77 "http://localhost/wordpress/wp-admin/post.php?post=357&action=elementor" "Mozilla/5.0 (Windows NT 10.0; Win64; x64; rv:88.0) Gecko/20100101 Firefox/88.0"
127.0.0.1 - - [19/May/2021:21:00:42 +0530] "POST /wordpress/wp-admin/admin-ajax.php HTTP/1.1" 200 77 "http://localhost/wordpress/wp-admin/post.php?post=357&action=elementor" "Mozilla/5.0 (Windows NT 10.0; Win64; x64; rv:88.0) Gecko/20100101 Firefox/88.0"
127.0.0.1 - - [19/May/2021:21:00:57 +0530] "POST /wordpress/wp-admin/admin-ajax.php HTTP/1.1" 200 77 "http://localhost/wordpress/wp-admin/post.php?post=357&action=elementor" "Mozilla/5.0 (Windows NT 10.0; Win64; x64; rv:88.0) Gecko/20100101 Firefox/88.0"
127.0.0.1 - - [19/May/2021:21:01:06 +0530] "POST /wordpress/wp-admin/admin-ajax.php HTTP/1.1" 200 1768 "http://localhost/wordpress/wp-admin/post.php?post=357&action=elementor" "Mozilla/5.0 (Windows NT 10.0; Win64; x64; rv:88.0) Gecko/20100101 Firefox/88.0"
127.0.0.1 - - [19/May/2021:21:01:08 +0530] "GET /wordpress/wp-includes/images/spinner-2x.gif HTTP/1.1" 200 7536 "http://localhost/wordpress/wp-includes/css/media-views.min.css?ver=5.7.2" "Mozilla/5.0 (Windows NT 10.0; Win64; x64; rv:88.0) Gecko/20100101 Firefox/88.0"
127.0.0.1 - - [19/May/2021:21:01:09 +0530] "GET /wordpress/wp-content/uploads/2021/05/hallway-hospital-clean-5979689.jpg HTTP/1.1" 200 166321 "http://localhost/wordpress/wp-admin/post.php?post=357&action=elementor" "Mozilla/5.0 (Windows NT 10.0; Win64; x64; rv:88.0) Gecko/20100101 Firefox/88.0"
127.0.0.1 - - [19/May/2021:21:01:08 +0530] "POST /wordpress/wp-admin/admin-ajax.php HTTP/1.1" 200 44269 "http://localhost/wordpress/wp-admin/post.php?post=357&action=elementor" "Mozilla/5.0 (Windows NT 10.0; Win64; x64; rv:88.0) Gecko/20100101 Firefox/88.0"
127.0.0.1 - - [19/May/2021:21:01:11 +0530] "GET /wordpress/wp-content/uploads/2021/05/placeholder.png HTTP/1.1" 200 6146 "http://localhost/wordpress/wp-admin/post.php?post=357&action=elementor" "Mozilla/5.0 (Windows NT 10.0; Win64; x64; rv:88.0) Gecko/20100101 Firefox/88.0"
127.0.0.1 - - [19/May/2021:21:01:11 +0530] "GET /wordpress/wp-content/uploads/2021/01/cropped-pharmaceutical-company-template-logo.png HTTP/1.1" 200 12673 "http://localhost/wordpress/wp-admin/post.php?post=357&action=elementor" "Mozilla/5.0 (Windows NT 10.0; Win64; x64; rv:88.0) Gecko/20100101 Firefox/88.0"
127.0.0.1 - - [19/May/2021:21:01:11 +0530] "GET /wordpress/wp-content/uploads/2021/01/pharma-company-template-company-video-img.jpg HTTP/1.1" 304 - "http://localhost/wordpress/wp-admin/post.php?post=357&action=elementor" "Mozilla/5.0 (Windows NT 10.0; Win64; x64; rv:88.0) Gecko/20100101 Firefox/88.0"
127.0.0.1 - - [19/May/2021:21:01:11 +0530] "GET /wordpress/wp-content/uploads/2021/01/pharmaceutical-company-template-logo.png HTTP/1.1" 200 11510 "http://localhost/wordpress/wp-admin/post.php?post=357&action=elementor" "Mozilla/5.0 (Windows NT 10.0; Win64; x64; rv:88.0) Gecko/20100101 Firefox/88.0"
127.0.0.1 - - [19/May/2021:21:01:11 +0530] "GET /wordpress/wp-content/uploads/2021/01/pharma-company-template-product-patient.jpg HTTP/1.1" 200 44718 "http://localhost/wordpress/wp-admin/post.php?post=357&action=elementor" "Mozilla/5.0 (Windows NT 10.0; Win64; x64; rv:88.0) Gecko/20100101 Firefox/88.0"
127.0.0.1 - - [19/May/2021:21:01:11 +0530] "GET /wordpress/wp-content/uploads/2021/03/pharmaceutical-social-img.jpg HTTP/1.1" 200 81157 "http://localhost/wordpress/wp-admin/post.php?post=357&action=elementor" "Mozilla/5.0 (Windows NT 10.0; Win64; x64; rv:88.0) Gecko/20100101 Firefox/88.0"
127.0.0.1 - - [19/May/2021:21:01:11 +0530] "GET /wordpress/wp-content/uploads/2021/01/logo-23.svg HTTP/1.1" 304 - "http://localhost/wordpress/wp-admin/post.php?post=357&action=elementor" "Mozilla/5.0 (Windows NT 10.0; Win64; x64; rv:88.0) Gecko/20100101 Firefox/88.0"
127.0.0.1 - - [19/May/2021:21:01:11 +0530] "GET /wordpress/wp-content/uploads/2021/01/pharma-company-template-research-and-development.jpg HTTP/1.1" 200 68631 "http://localhost/wordpress/wp-admin/post.php?post=357&action=elementor" "Mozilla/5.0 (Windows NT 10.0; Win64; x64; rv:88.0) Gecko/20100101 Firefox/88.0"
127.0.0.1 - - [19/May/2021:21:01:11 +0530] "GET /wordpress/wp-content/uploads/2021/01/pharma-company-template-product-nurse.jpg HTTP/1.1" 200 23543 "http://localhost/wordpress/wp-admin/post.php?post=357&action=elementor" "Mozilla/5.0 (Windows NT 10.0; Win64; x64; rv:88.0) Gecko/20100101 Firefox/88.0"
127.0.0.1 - - [19/May/2021:21:01:11 +0530] "GET /wordpress/wp-content/uploads/2021/01/pharma-company-template-product-doctor.jpg HTTP/1.1" 200 20192 "http://localhost/wordpress/wp-admin/post.php?post=357&action=elementor" "Mozilla/5.0 (Windows NT 10.0; Win64; x64; rv:88.0) Gecko/20100101 Firefox/88.0"
127.0.0.1 - - [19/May/2021:21:01:11 +0530] "GET /wordpress/wp-content/uploads/2021/01/logo-18.svg HTTP/1.1" 304 - "http://localhost/wordpress/wp-admin/post.php?post=357&action=elementor" "Mozilla/5.0 (Windows NT 10.0; Win64; x64; rv:88.0) Gecko/20100101 Firefox/88.0"
127.0.0.1 - - [19/May/2021:21:01:11 +0530] "GET /wordpress/wp-content/uploads/2021/01/signature.png HTTP/1.1" 304 - "http://localhost/wordpress/wp-admin/post.php?post=357&action=elementor" "Mozilla/5.0 (Windows NT 10.0; Win64; x64; rv:88.0) Gecko/20100101 Firefox/88.0"
127.0.0.1 - - [19/May/2021:21:01:11 +0530] "GET /wordpress/wp-content/uploads/2021/01/pharma-template-area-of-focus-img.svg HTTP/1.1" 304 - "http://localhost/wordpress/wp-admin/post.php?post=357&action=elementor" "Mozilla/5.0 (Windows NT 10.0; Win64; x64; rv:88.0) Gecko/20100101 Firefox/88.0"
127.0.0.1 - - [19/May/2021:21:01:11 +0530] "GET /wordpress/wp-content/uploads/2021/01/logo-2.svg HTTP/1.1" 304 - "http://localhost/wordpress/wp-admin/post.php?post=357&action=elementor" "Mozilla/5.0 (Windows NT 10.0; Win64; x64; rv:88.0) Gecko/20100101 Firefox/88.0"
127.0.0.1 - - [19/May/2021:21:01:11 +0530] "GET /wordpress/wp-content/uploads/2021/01/logo-24.svg HTTP/1.1" 304 - "http://localhost/wordpress/wp-admin/post.php?post=357&action=elementor" "Mozilla/5.0 (Windows NT 10.0; Win64; x64; rv:88.0) Gecko/20100101 Firefox/88.0"
127.0.0.1 - - [19/May/2021:21:01:11 +0530] "GET /wordpress/wp-content/uploads/2021/01/logo-3.svg HTTP/1.1" 304 - "http://localhost/wordpress/wp-admin/post.php?post=357&action=elementor" "Mozilla/5.0 (Windows NT 10.0; Win64; x64; rv:88.0) Gecko/20100101 Firefox/88.0"
127.0.0.1 - - [19/May/2021:21:01:11 +0530] "GET /wordpress/wp-content/uploads/2021/01/logo-1.svg HTTP/1.1" 304 - "http://localhost/wordpress/wp-admin/post.php?post=357&action=elementor" "Mozilla/5.0 (Windows NT 10.0; Win64; x64; rv:88.0) Gecko/20100101 Firefox/88.0"
127.0.0.1 - - [19/May/2021:21:01:11 +0530] "GET /wordpress/wp-content/uploads/2021/01/logo-5.svg HTTP/1.1" 304 - "http://localhost/wordpress/wp-admin/post.php?post=357&action=elementor" "Mozilla/5.0 (Windows NT 10.0; Win64; x64; rv:88.0) Gecko/20100101 Firefox/88.0"
127.0.0.1 - - [19/May/2021:21:01:11 +0530] "GET /wordpress/wp-content/uploads/2021/01/pharma-company-template-products-section-img.jpg HTTP/1.1" 304 - "http://localhost/wordpress/wp-admin/post.php?post=357&action=elementor" "Mozilla/5.0 (Windows NT 10.0; Win64; x64; rv:88.0) Gecko/20100101 Firefox/88.0"
127.0.0.1 - - [19/May/2021:21:01:11 +0530] "GET /wordpress/wp-content/uploads/2021/01/pharma-template-dot-bg.svg HTTP/1.1" 304 - "http://localhost/wordpress/wp-admin/post.php?post=357&action=elementor" "Mozilla/5.0 (Windows NT 10.0; Win64; x64; rv:88.0) Gecko/20100101 Firefox/88.0"
127.0.0.1 - - [19/May/2021:21:01:11 +0530] "GET /wordpress/wp-content/uploads/2021/01/pharma-company-template-research.jpg HTTP/1.1" 200 63815 "http://localhost/wordpress/wp-admin/post.php?post=357&action=elementor" "Mozilla/5.0 (Windows NT 10.0; Win64; x64; rv:88.0) Gecko/20100101 Firefox/88.0"
127.0.0.1 - - [19/May/2021:21:01:11 +0530] "GET /wordpress/wp-content/uploads/2021/01/pharma-company-template-founder-photo.png HTTP/1.1" 304 - "http://localhost/wordpress/wp-admin/post.php?post=357&action=elementor" "Mozilla/5.0 (Windows NT 10.0; Win64; x64; rv:88.0) Gecko/20100101 Firefox/88.0"
127.0.0.1 - - [19/May/2021:21:01:11 +0530] "GET /wordpress/wp-content/uploads/2021/01/pharma-company-template-cta-bg.svg HTTP/1.1" 304 - "http://localhost/wordpress/wp-admin/post.php?post=357&action=elementor" "Mozilla/5.0 (Windows NT 10.0; Win64; x64; rv:88.0) Gecko/20100101 Firefox/88.0"
127.0.0.1 - - [19/May/2021:21:01:11 +0530] "GET /wordpress/wp-content/uploads/2021/01/pharma-company-template-hero-img.png HTTP/1.1" 304 - "http://localhost/wordpress/wp-admin/post.php?post=357&action=elementor" "Mozilla/5.0 (Windows NT 10.0; Win64; x64; rv:88.0) Gecko/20100101 Firefox/88.0"
127.0.0.1 - - [19/May/2021:21:01:11 +0530] "GET /wordpress/wp-content/uploads/2021/01/pharmaceutical-template-evermed-logo.svg HTTP/1.1" 304 - "http://localhost/wordpress/wp-admin/post.php?post=357&action=elementor" "Mozilla/5.0 (Windows NT 10.0; Win64; x64; rv:88.0) Gecko/20100101 Firefox/88.0"
127.0.0.1 - - [19/May/2021:21:01:11 +0530] "GET /wordpress/wp-content/uploads/2021/01/logo-4.svg HTTP/1.1" 304 - "http://localhost/wordpress/wp-admin/post.php?post=357&action=elementor" "Mozilla/5.0 (Windows NT 10.0; Win64; x64; rv:88.0) Gecko/20100101 Firefox/88.0"
127.0.0.1 - - [19/May/2021:21:01:11 +0530] "GET /wordpress/wp-content/uploads/2021/01/logo-22.svg HTTP/1.1" 304 - "http://localhost/wordpress/wp-admin/post.php?post=357&action=elementor" "Mozilla/5.0 (Windows NT 10.0; Win64; x64; rv:88.0) Gecko/20100101 Firefox/88.0"
127.0.0.1 - - [19/May/2021:21:01:11 +0530] "GET /wordpress/wp-content/uploads/2021/01/pharma-company-template-blue-dots-bg.png HTTP/1.1" 200 900 "http://localhost/wordpress/wp-admin/post.php?post=357&action=elementor" "Mozilla/5.0 (Windows NT 10.0; Win64; x64; rv:88.0) Gecko/20100101 Firefox/88.0"
127.0.0.1 - - [19/May/2021:21:01:11 +0530] "GET /wordpress/wp-content/uploads/2021/01/pharma-company-template-product-img.jpg HTTP/1.1" 200 116572 "http://localhost/wordpress/wp-admin/post.php?post=357&action=elementor" "Mozilla/5.0 (Windows NT 10.0; Win64; x64; rv:88.0) Gecko/20100101 Firefox/88.0"
127.0.0.1 - - [19/May/2021:21:01:12 +0530] "POST /wordpress/wp-admin/admin-ajax.php HTTP/1.1" 200 77 "http://localhost/wordpress/wp-admin/post.php?post=357&action=elementor" "Mozilla/5.0 (Windows NT 10.0; Win64; x64; rv:88.0) Gecko/20100101 Firefox/88.0"
127.0.0.1 - - [19/May/2021:21:01:20 +0530] "GET /wordpress/wp-content/uploads/2021/05/hallway-hospital-clean-5979689.jpg HTTP/1.1" 304 - "http://localhost/wordpress/company/?elementor-preview=357&ver=1621437324" "Mozilla/5.0 (Windows NT 10.0; Win64; x64; rv:88.0) Gecko/20100101 Firefox/88.0"
127.0.0.1 - - [19/May/2021:21:01:27 +0530] "POST /wordpress/wp-admin/admin-ajax.php HTTP/1.1" 200 77 "http://localhost/wordpress/wp-admin/post.php?post=357&action=elementor" "Mozilla/5.0 (Windows NT 10.0; Win64; x64; rv:88.0) Gecko/20100101 Firefox/88.0"
::1 - - [19/May/2021:21:01:27 +0530] "POST /wordpress/wp-cron.php?doing_wp_cron=1621438287.8356890678405761718750 HTTP/1.1" 200 - "http://localhost/wordpress/wp-cron.php?doing_wp_cron=1621438287.8356890678405761718750" "WordPress/5.7.2; http://localhost/wordpress"
127.0.0.1 - - [19/May/2021:21:01:42 +0530] "POST /wordpress/wp-admin/admin-ajax.php HTTP/1.1" 200 77 "http://localhost/wordpress/wp-admin/post.php?post=357&action=elementor" "Mozilla/5.0 (Windows NT 10.0; Win64; x64; rv:88.0) Gecko/20100101 Firefox/88.0"
127.0.0.1 - - [19/May/2021:21:01:57 +0530] "POST /wordpress/wp-admin/admin-ajax.php HTTP/1.1" 200 77 "http://localhost/wordpress/wp-admin/post.php?post=357&action=elementor" "Mozilla/5.0 (Windows NT 10.0; Win64; x64; rv:88.0) Gecko/20100101 Firefox/88.0"
127.0.0.1 - - [19/May/2021:21:02:12 +0530] "POST /wordpress/wp-admin/admin-ajax.php HTTP/1.1" 200 77 "http://localhost/wordpress/wp-admin/post.php?post=357&action=elementor" "Mozilla/5.0 (Windows NT 10.0; Win64; x64; rv:88.0) Gecko/20100101 Firefox/88.0"
::1 - - [19/May/2021:21:02:28 +0530] "POST /wordpress/wp-cron.php?doing_wp_cron=1621438347.8860700130462646484375 HTTP/1.1" 200 - "http://localhost/wordpress/wp-cron.php?doing_wp_cron=1621438347.8860700130462646484375" "WordPress/5.7.2; http://localhost/wordpress"
127.0.0.1 - - [19/May/2021:21:02:27 +0530] "POST /wordpress/wp-admin/admin-ajax.php HTTP/1.1" 200 77 "http://localhost/wordpress/wp-admin/post.php?post=357&action=elementor" "Mozilla/5.0 (Windows NT 10.0; Win64; x64; rv:88.0) Gecko/20100101 Firefox/88.0"
127.0.0.1 - - [19/May/2021:21:02:42 +0530] "POST /wordpress/wp-admin/admin-ajax.php HTTP/1.1" 200 77 "http://localhost/wordpress/wp-admin/post.php?post=357&action=elementor" "Mozilla/5.0 (Windows NT 10.0; Win64; x64; rv:88.0) Gecko/20100101 Firefox/88.0"
127.0.0.1 - - [19/May/2021:21:02:57 +0530] "POST /wordpress/wp-admin/admin-ajax.php HTTP/1.1" 200 77 "http://localhost/wordpress/wp-admin/post.php?post=357&action=elementor" "Mozilla/5.0 (Windows NT 10.0; Win64; x64; rv:88.0) Gecko/20100101 Firefox/88.0"
127.0.0.1 - - [19/May/2021:21:03:12 +0530] "POST /wordpress/wp-admin/admin-ajax.php HTTP/1.1" 200 77 "http://localhost/wordpress/wp-admin/post.php?post=357&action=elementor" "Mozilla/5.0 (Windows NT 10.0; Win64; x64; rv:88.0) Gecko/20100101 Firefox/88.0"
127.0.0.1 - - [19/May/2021:21:03:20 +0530] "GET /wordpress/wp-content/plugins/elementor/assets/images/go-pro.svg HTTP/1.1" 200 6180 "http://localhost/wordpress/wp-admin/post.php?post=357&action=elementor" "Mozilla/5.0 (Windows NT 10.0; Win64; x64; rv:88.0) Gecko/20100101 Firefox/88.0"
127.0.0.1 - - [19/May/2021:21:03:20 +0530] "GET /wordpress/wp-content/plugins/elementor/assets/images/logo-panel.svg HTTP/1.1" 200 3455 "http://localhost/wordpress/wp-admin/post.php?post=357&action=elementor" "Mozilla/5.0 (Windows NT 10.0; Win64; x64; rv:88.0) Gecko/20100101 Firefox/88.0"
::1 - - [19/May/2021:21:03:28 +0530] "POST /wordpress/wp-cron.php?doing_wp_cron=1621438407.9001390933990478515625 HTTP/1.1" 200 - "http://localhost/wordpress/wp-cron.php?doing_wp_cron=1621438407.9001390933990478515625" "WordPress/5.7.2; http://localhost/wordpress"
127.0.0.1 - - [19/May/2021:21:03:27 +0530] "POST /wordpress/wp-admin/admin-ajax.php HTTP/1.1" 200 77 "http://localhost/wordpress/wp-admin/post.php?post=357&action=elementor" "Mozilla/5.0 (Windows NT 10.0; Win64; x64; rv:88.0) Gecko/20100101 Firefox/88.0"
127.0.0.1 - - [19/May/2021:21:03:42 +0530] "POST /wordpress/wp-admin/admin-ajax.php HTTP/1.1" 200 77 "http://localhost/wordpress/wp-admin/post.php?post=357&action=elementor" "Mozilla/5.0 (Windows NT 10.0; Win64; x64; rv:88.0) Gecko/20100101 Firefox/88.0"
127.0.0.1 - - [19/May/2021:21:03:57 +0530] "POST /wordpress/wp-admin/admin-ajax.php HTTP/1.1" 200 77 "http://localhost/wordpress/wp-admin/post.php?post=357&action=elementor" "Mozilla/5.0 (Windows NT 10.0; Win64; x64; rv:88.0) Gecko/20100101 Firefox/88.0"
127.0.0.1 - - [19/May/2021:21:04:01 +0530] "GET /wordpress/wp-content/themes/astra/assets/css/minified/editor-style.min.css?wp-mce-49110-20201110 HTTP/1.1" 304 - "http://localhost/wordpress/wp-admin/post.php?post=357&action=elementor" "Mozilla/5.0 (Windows NT 10.0; Win64; x64; rv:88.0) Gecko/20100101 Firefox/88.0"
127.0.0.1 - - [19/May/2021:21:04:12 +0530] "POST /wordpress/wp-admin/admin-ajax.php HTTP/1.1" 200 77 "http://localhost/wordpress/wp-admin/post.php?post=357&action=elementor" "Mozilla/5.0 (Windows NT 10.0; Win64; x64; rv:88.0) Gecko/20100101 Firefox/88.0"
::1 - - [19/May/2021:21:04:28 +0530] "POST /wordpress/wp-cron.php?doing_wp_cron=1621438468.0110690593719482421875 HTTP/1.1" 200 - "http://localhost/wordpress/wp-cron.php?doing_wp_cron=1621438468.0110690593719482421875" "WordPress/5.7.2; http://localhost/wordpress"
127.0.0.1 - - [19/May/2021:21:04:27 +0530] "POST /wordpress/wp-admin/admin-ajax.php HTTP/1.1" 200 77 "http://localhost/wordpress/wp-admin/post.php?post=357&action=elementor" "Mozilla/5.0 (Windows NT 10.0; Win64; x64; rv:88.0) Gecko/20100101 Firefox/88.0"
127.0.0.1 - - [19/May/2021:21:04:42 +0530] "POST /wordpress/wp-admin/admin-ajax.php HTTP/1.1" 200 77 "http://localhost/wordpress/wp-admin/post.php?post=357&action=elementor" "Mozilla/5.0 (Windows NT 10.0; Win64; x64; rv:88.0) Gecko/20100101 Firefox/88.0"
127.0.0.1 - - [19/May/2021:21:04:53 +0530] "POST /wordpress/wp-admin/admin-ajax.php HTTP/1.1" 200 201 "http://localhost/wordpress/wp-admin/post.php?post=357&action=elementor" "Mozilla/5.0 (Windows NT 10.0; Win64; x64; rv:88.0) Gecko/20100101 Firefox/88.0"
127.0.0.1 - - [19/May/2021:21:04:57 +0530] "POST /wordpress/wp-admin/admin-ajax.php HTTP/1.1" 200 77 "http://localhost/wordpress/wp-admin/post.php?post=357&action=elementor" "Mozilla/5.0 (Windows NT 10.0; Win64; x64; rv:88.0) Gecko/20100101 Firefox/88.0"
127.0.0.1 - - [19/May/2021:21:05:12 +0530] "POST /wordpress/wp-admin/admin-ajax.php HTTP/1.1" 200 77 "http://localhost/wordpress/wp-admin/post.php?post=357&action=elementor" "Mozilla/5.0 (Windows NT 10.0; Win64; x64; rv:88.0) Gecko/20100101 Firefox/88.0"
::1 - - [19/May/2021:21:05:28 +0530] "POST /wordpress/wp-cron.php?doing_wp_cron=1621438528.3435440063476562500000 HTTP/1.1" 200 - "http://localhost/wordpress/wp-cron.php?doing_wp_cron=1621438528.3435440063476562500000" "WordPress/5.7.2; http://localhost/wordpress"
127.0.0.1 - - [19/May/2021:21:05:27 +0530] "POST /wordpress/wp-admin/admin-ajax.php HTTP/1.1" 200 77 "http://localhost/wordpress/wp-admin/post.php?post=357&action=elementor" "Mozilla/5.0 (Windows NT 10.0; Win64; x64; rv:88.0) Gecko/20100101 Firefox/88.0"
127.0.0.1 - - [19/May/2021:21:05:42 +0530] "POST /wordpress/wp-admin/admin-ajax.php HTTP/1.1" 200 77 "http://localhost/wordpress/wp-admin/post.php?post=357&action=elementor" "Mozilla/5.0 (Windows NT 10.0; Win64; x64; rv:88.0) Gecko/20100101 Firefox/88.0"
127.0.0.1 - - [19/May/2021:21:05:57 +0530] "POST /wordpress/wp-admin/admin-ajax.php HTTP/1.1" 200 77 "http://localhost/wordpress/wp-admin/post.php?post=357&action=elementor" "Mozilla/5.0 (Windows NT 10.0; Win64; x64; rv:88.0) Gecko/20100101 Firefox/88.0"
127.0.0.1 - - [19/May/2021:21:06:12 +0530] "POST /wordpress/wp-admin/admin-ajax.php HTTP/1.1" 200 77 "http://localhost/wordpress/wp-admin/post.php?post=357&action=elementor" "Mozilla/5.0 (Windows NT 10.0; Win64; x64; rv:88.0) Gecko/20100101 Firefox/88.0"
::1 - - [19/May/2021:21:06:28 +0530] "POST /wordpress/wp-cron.php?doing_wp_cron=1621438588.4060230255126953125000 HTTP/1.1" 200 - "http://localhost/wordpress/wp-cron.php?doing_wp_cron=1621438588.4060230255126953125000" "WordPress/5.7.2; http://localhost/wordpress"
127.0.0.1 - - [19/May/2021:21:06:27 +0530] "POST /wordpress/wp-admin/admin-ajax.php HTTP/1.1" 200 77 "http://localhost/wordpress/wp-admin/post.php?post=357&action=elementor" "Mozilla/5.0 (Windows NT 10.0; Win64; x64; rv:88.0) Gecko/20100101 Firefox/88.0"
127.0.0.1 - - [19/May/2021:21:06:42 +0530] "POST /wordpress/wp-admin/admin-ajax.php HTTP/1.1" 200 77 "http://localhost/wordpress/wp-admin/post.php?post=357&action=elementor" "Mozilla/5.0 (Windows NT 10.0; Win64; x64; rv:88.0) Gecko/20100101 Firefox/88.0"
127.0.0.1 - - [19/May/2021:21:06:57 +0530] "POST /wordpress/wp-admin/admin-ajax.php HTTP/1.1" 200 77 "http://localhost/wordpress/wp-admin/post.php?post=357&action=elementor" "Mozilla/5.0 (Windows NT 10.0; Win64; x64; rv:88.0) Gecko/20100101 Firefox/88.0"
127.0.0.1 - - [19/May/2021:21:07:12 +0530] "POST /wordpress/wp-admin/admin-ajax.php HTTP/1.1" 200 77 "http://localhost/wordpress/wp-admin/post.php?post=357&action=elementor" "Mozilla/5.0 (Windows NT 10.0; Win64; x64; rv:88.0) Gecko/20100101 Firefox/88.0"
::1 - - [19/May/2021:21:07:28 +0530] "POST /wordpress/wp-cron.php?doing_wp_cron=1621438648.5306301116943359375000 HTTP/1.1" 200 - "http://localhost/wordpress/wp-cron.php?doing_wp_cron=1621438648.5306301116943359375000" "WordPress/5.7.2; http://localhost/wordpress"
127.0.0.1 - - [19/May/2021:21:07:27 +0530] "POST /wordpress/wp-admin/admin-ajax.php HTTP/1.1" 200 77 "http://localhost/wordpress/wp-admin/post.php?post=357&action=elementor" "Mozilla/5.0 (Windows NT 10.0; Win64; x64; rv:88.0) Gecko/20100101 Firefox/88.0"
127.0.0.1 - - [19/May/2021:21:07:42 +0530] "POST /wordpress/wp-admin/admin-ajax.php HTTP/1.1" 200 77 "http://localhost/wordpress/wp-admin/post.php?post=357&action=elementor" "Mozilla/5.0 (Windows NT 10.0; Win64; x64; rv:88.0) Gecko/20100101 Firefox/88.0"
127.0.0.1 - - [19/May/2021:21:07:44 +0530] "POST /wordpress/wp-admin/admin-ajax.php HTTP/1.1" 200 284 "http://localhost/wordpress/wp-admin/post.php?post=357&action=elementor" "Mozilla/5.0 (Windows NT 10.0; Win64; x64; rv:88.0) Gecko/20100101 Firefox/88.0"
127.0.0.1 - - [19/May/2021:21:07:57 +0530] "POST /wordpress/wp-admin/admin-ajax.php HTTP/1.1" 200 77 "http://localhost/wordpress/wp-admin/post.php?post=357&action=elementor" "Mozilla/5.0 (Windows NT 10.0; Win64; x64; rv:88.0) Gecko/20100101 Firefox/88.0"
127.0.0.1 - - [19/May/2021:21:08:13 +0530] "POST /wordpress/wp-admin/admin-ajax.php HTTP/1.1" 200 77 "http://localhost/wordpress/wp-admin/post.php?post=357&action=elementor" "Mozilla/5.0 (Windows NT 10.0; Win64; x64; rv:88.0) Gecko/20100101 Firefox/88.0"
::1 - - [19/May/2021:21:08:28 +0530] "POST /wordpress/wp-cron.php?doing_wp_cron=1621438708.4531340599060058593750 HTTP/1.1" 200 - "http://localhost/wordpress/wp-cron.php?doing_wp_cron=1621438708.4531340599060058593750" "WordPress/5.7.2; http://localhost/wordpress"
127.0.0.1 - - [19/May/2021:21:08:28 +0530] "POST /wordpress/wp-admin/admin-ajax.php HTTP/1.1" 200 77 "http://localhost/wordpress/wp-admin/post.php?post=357&action=elementor" "Mozilla/5.0 (Windows NT 10.0; Win64; x64; rv:88.0) Gecko/20100101 Firefox/88.0"
127.0.0.1 - - [19/May/2021:21:08:39 +0530] "POST /wordpress/wp-admin/admin-ajax.php HTTP/1.1" 200 198 "http://localhost/wordpress/wp-admin/post.php?post=357&action=elementor" "Mozilla/5.0 (Windows NT 10.0; Win64; x64; rv:88.0) Gecko/20100101 Firefox/88.0"
127.0.0.1 - - [19/May/2021:21:08:43 +0530] "POST /wordpress/wp-admin/admin-ajax.php HTTP/1.1" 200 77 "http://localhost/wordpress/wp-admin/post.php?post=357&action=elementor" "Mozilla/5.0 (Windows NT 10.0; Win64; x64; rv:88.0) Gecko/20100101 Firefox/88.0"
127.0.0.1 - - [19/May/2021:21:08:45 +0530] "GET /wordpress/wp-content/plugins/elementor/assets/images/logo-panel.svg HTTP/1.1" 304 - "http://localhost/wordpress/wp-admin/post.php?post=357&action=elementor" "Mozilla/5.0 (Windows NT 10.0; Win64; x64; rv:88.0) Gecko/20100101 Firefox/88.0"
127.0.0.1 - - [19/May/2021:21:08:45 +0530] "GET /wordpress/wp-content/plugins/elementor/assets/images/go-pro.svg HTTP/1.1" 304 - "http://localhost/wordpress/wp-admin/post.php?post=357&action=elementor" "Mozilla/5.0 (Windows NT 10.0; Win64; x64; rv:88.0) Gecko/20100101 Firefox/88.0"
127.0.0.1 - - [19/May/2021:21:08:45 +0530] "GET /wordpress/wp-content/uploads/2021/01/pharma-company-template-founder-photo.png HTTP/1.1" 304 - "http://localhost/wordpress/company/?elementor-preview=357&ver=1621437324" "Mozilla/5.0 (Windows NT 10.0; Win64; x64; rv:88.0) Gecko/20100101 Firefox/88.0"
127.0.0.1 - - [19/May/2021:21:08:59 +0530] "POST /wordpress/wp-admin/admin-ajax.php HTTP/1.1" 200 77 "http://localhost/wordpress/wp-admin/post.php?post=357&action=elementor" "Mozilla/5.0 (Windows NT 10.0; Win64; x64; rv:88.0) Gecko/20100101 Firefox/88.0"
127.0.0.1 - - [19/May/2021:21:09:03 +0530] "GET /wordpress/wp-content/themes/astra/assets/css/minified/customizer-controls.min.css?ver=3.4.4 HTTP/1.1" 200 5766 "http://localhost/wordpress/wp-admin/customize.php?url=http%3A%2F%2Flocalhost%2Fwordpress%2Fcompany%2F" "Mozilla/5.0 (Windows NT 10.0; Win64; x64; rv:88.0) Gecko/20100101 Firefox/88.0"
