127.0.0.1 - - [19/May/2021:20:33:40 +0530] "GET /wordpress/wp-content/plugins/elementor/assets/lib/backbone/backbone.marionette.min.js?ver=2.4.5.e1 HTTP/1.1" 304 - "http://localhost/wordpress/wp-admin/edit.php?post_type=elementor_library&tabs_group=library&elementor_library_type=page" "Mozilla/5.0 (Windows NT 10.0; Win64; x64; rv:88.0) Gecko/20100101 Firefox/88.0"
127.0.0.1 - - [19/May/2021:20:33:40 +0530] "GET /wordpress/wp-content/plugins/elementor/assets/lib/backbone/backbone.radio.min.js?ver=1.0.4 HTTP/1.1" 304 - "http://localhost/wordpress/wp-admin/edit.php?post_type=elementor_library&tabs_group=library&elementor_library_type=page" "Mozilla/5.0 (Windows NT 10.0; Win64; x64; rv:88.0) Gecko/20100101 Firefox/88.0"
127.0.0.1 - - [19/May/2021:20:33:40 +0530] "GET /wordpress/wp-content/plugins/elementor/assets/lib/dialog/dialog.min.js?ver=4.8.1 HTTP/1.1" 304 - "http://localhost/wordpress/wp-admin/edit.php?post_type=elementor_library&tabs_group=library&elementor_library_type=page" "Mozilla/5.0 (Windows NT 10.0; Win64; x64; rv:88.0) Gecko/20100101 Firefox/88.0"
127.0.0.1 - - [19/May/2021:20:33:40 +0530] "GET /wordpress/wp-content/plugins/elementor/assets/js/common-modules.min.js?ver=3.2.3 HTTP/1.1" 304 - "http://localhost/wordpress/wp-admin/edit.php?post_type=elementor_library&tabs_group=library&elementor_library_type=page" "Mozilla/5.0 (Windows NT 10.0; Win64; x64; rv:88.0) Gecko/20100101 Firefox/88.0"
127.0.0.1 - - [19/May/2021:20:33:40 +0530] "GET /wordpress/wp-content/plugins/elementor/assets/js/common.min.js?ver=3.2.3 HTTP/1.1" 304 - "http://localhost/wordpress/wp-admin/edit.php?post_type=elementor_library&tabs_group=library&elementor_library_type=page" "Mozilla/5.0 (Windows NT 10.0; Win64; x64; rv:88.0) Gecko/20100101 Firefox/88.0"
127.0.0.1 - - [19/May/2021:20:33:40 +0530] "GET /wordpress/wp-content/plugins/elementor/assets/js/new-template.min.js?ver=3.2.3 HTTP/1.1" 304 - "http://localhost/wordpress/wp-admin/edit.php?post_type=elementor_library&tabs_group=library&elementor_library_type=page" "Mozilla/5.0 (Windows NT 10.0; Win64; x64; rv:88.0) Gecko/20100101 Firefox/88.0"
127.0.0.1 - - [19/May/2021:20:33:40 +0530] "GET /wordpress/wp-content/plugins/elementor/assets/js/admin.min.js?ver=3.2.3 HTTP/1.1" 304 - "http://localhost/wordpress/wp-admin/edit.php?post_type=elementor_library&tabs_group=library&elementor_library_type=page" "Mozilla/5.0 (Windows NT 10.0; Win64; x64; rv:88.0) Gecko/20100101 Firefox/88.0"
127.0.0.1 - - [19/May/2021:20:33:40 +0530] "GET /wordpress/wp-content/plugins/elementor/assets/js/app-loader.min.js?ver=3.2.3 HTTP/1.1" 304 - "http://localhost/wordpress/wp-admin/edit.php?post_type=elementor_library&tabs_group=library&elementor_library_type=page" "Mozilla/5.0 (Windows NT 10.0; Win64; x64; rv:88.0) Gecko/20100101 Firefox/88.0"
127.0.0.1 - - [19/May/2021:20:33:40 +0530] "POST /wordpress/wp-admin/admin-ajax.php HTTP/1.1" 200 47 "http://localhost/wordpress/wp-admin/edit.php?post_type=elementor_library&tabs_group=library&elementor_library_type=page" "Mozilla/5.0 (Windows NT 10.0; Win64; x64; rv:88.0) Gecko/20100101 Firefox/88.0"
127.0.0.1 - - [19/May/2021:20:33:43 +0530] "GET /wordpress/wp-admin/edit.php?post_type=elementor_library&tabs_group=library&elementor_library_type=section HTTP/1.1" 200 55318 "http://localhost/wordpress/wp-admin/edit.php?post_type=elementor_library&tabs_group=library&elementor_library_type=page" "Mozilla/5.0 (Windows NT 10.0; Win64; x64; rv:88.0) Gecko/20100101 Firefox/88.0"
127.0.0.1 - - [19/May/2021:20:33:43 +0530] "GET /favicon.ico HTTP/1.1" 404 295 "http://localhost/wordpress/wp-admin/edit.php?post_type=elementor_library&tabs_group=library&elementor_library_type=section" "Mozilla/5.0 (Windows NT 10.0; Win64; x64; rv:88.0) Gecko/20100101 Firefox/88.0"
127.0.0.1 - - [19/May/2021:20:33:43 +0530] "POST /wordpress/wp-admin/admin-ajax.php HTTP/1.1" 200 47 "http://localhost/wordpress/wp-admin/edit.php?post_type=elementor_library&tabs_group=library&elementor_library_type=section" "Mozilla/5.0 (Windows NT 10.0; Win64; x64; rv:88.0) Gecko/20100101 Firefox/88.0"
127.0.0.1 - - [19/May/2021:20:33:58 +0530] "POST /wordpress/wp-admin/admin-ajax.php HTTP/1.1" 200 47 "http://localhost/wordpress/wp-admin/edit.php?post_type=elementor_library&tabs_group=library&elementor_library_type=section" "Mozilla/5.0 (Windows NT 10.0; Win64; x64; rv:88.0) Gecko/20100101 Firefox/88.0"
127.0.0.1 - - [19/May/2021:20:34:25 +0530] "POST /wordpress/wp-admin/admin-ajax.php HTTP/1.1" 200 47 "http://localhost/wordpress/wp-admin/edit.php?post_type=elementor_library&tabs_group=library&elementor_library_type=section" "Mozilla/5.0 (Windows NT 10.0; Win64; x64; rv:88.0) Gecko/20100101 Firefox/88.0"
127.0.0.1 - - [19/May/2021:20:34:32 +0530] "GET /wordpress/wp-admin/admin.php?page=elementor HTTP/1.1" 200 54678 "http://localhost/wordpress/wp-admin/edit.php?post_type=elementor_library&tabs_group=library&elementor_library_type=section" "Mozilla/5.0 (Windows NT 10.0; Win64; x64; rv:88.0) Gecko/20100101 Firefox/88.0"
127.0.0.1 - - [19/May/2021:20:34:33 +0530] "GET /wordpress/wp-content/plugins/elementor/assets/lib/eicons/css/elementor-icons.min.css?ver=5.11.0 HTTP/1.1" 304 - "http://localhost/wordpress/wp-admin/admin.php?page=elementor" "Mozilla/5.0 (Windows NT 10.0; Win64; x64; rv:88.0) Gecko/20100101 Firefox/88.0"
127.0.0.1 - - [19/May/2021:20:34:33 +0530] "GET /wordpress/wp-content/plugins/elementor/assets/css/admin.min.css?ver=3.2.3 HTTP/1.1" 304 - "http://localhost/wordpress/wp-admin/admin.php?page=elementor" "Mozilla/5.0 (Windows NT 10.0; Win64; x64; rv:88.0) Gecko/20100101 Firefox/88.0"
127.0.0.1 - - [19/May/2021:20:34:33 +0530] "GET /wordpress/wp-content/plugins/elementor/assets/css/common.min.css?ver=3.2.3 HTTP/1.1" 304 - "http://localhost/wordpress/wp-admin/admin.php?page=elementor" "Mozilla/5.0 (Windows NT 10.0; Win64; x64; rv:88.0) Gecko/20100101 Firefox/88.0"
127.0.0.1 - - [19/May/2021:20:34:33 +0530] "GET /wordpress/wp-content/plugins/elementor/assets/lib/backbone/backbone.radio.min.js?ver=1.0.4 HTTP/1.1" 304 - "http://localhost/wordpress/wp-admin/admin.php?page=elementor" "Mozilla/5.0 (Windows NT 10.0; Win64; x64; rv:88.0) Gecko/20100101 Firefox/88.0"
127.0.0.1 - - [19/May/2021:20:34:33 +0530] "GET /wordpress/wp-content/plugins/elementor/assets/lib/dialog/dialog.min.js?ver=4.8.1 HTTP/1.1" 304 - "http://localhost/wordpress/wp-admin/admin.php?page=elementor" "Mozilla/5.0 (Windows NT 10.0; Win64; x64; rv:88.0) Gecko/20100101 Firefox/88.0"
127.0.0.1 - - [19/May/2021:20:34:33 +0530] "GET /wordpress/wp-content/plugins/elementor/assets/js/common-modules.min.js?ver=3.2.3 HTTP/1.1" 304 - "http://localhost/wordpress/wp-admin/admin.php?page=elementor" "Mozilla/5.0 (Windows NT 10.0; Win64; x64; rv:88.0) Gecko/20100101 Firefox/88.0"
127.0.0.1 - - [19/May/2021:20:34:33 +0530] "GET /wordpress/wp-content/plugins/elementor/assets/js/common.min.js?ver=3.2.3 HTTP/1.1" 304 - "http://localhost/wordpress/wp-admin/admin.php?page=elementor" "Mozilla/5.0 (Windows NT 10.0; Win64; x64; rv:88.0) Gecko/20100101 Firefox/88.0"
127.0.0.1 - - [19/May/2021:20:34:33 +0530] "GET /wordpress/wp-content/plugins/elementor/assets/js/app-loader.min.js?ver=3.2.3 HTTP/1.1" 304 - "http://localhost/wordpress/wp-admin/admin.php?page=elementor" "Mozilla/5.0 (Windows NT 10.0; Win64; x64; rv:88.0) Gecko/20100101 Firefox/88.0"
127.0.0.1 - - [19/May/2021:20:34:33 +0530] "GET /wordpress/wp-content/plugins/elementor/assets/js/admin.min.js?ver=3.2.3 HTTP/1.1" 304 - "http://localhost/wordpress/wp-admin/admin.php?page=elementor" "Mozilla/5.0 (Windows NT 10.0; Win64; x64; rv:88.0) Gecko/20100101 Firefox/88.0"
127.0.0.1 - - [19/May/2021:20:34:33 +0530] "GET /wordpress/wp-content/plugins/elementor/assets/lib/backbone/backbone.marionette.min.js?ver=2.4.5.e1 HTTP/1.1" 304 - "http://localhost/wordpress/wp-admin/admin.php?page=elementor" "Mozilla/5.0 (Windows NT 10.0; Win64; x64; rv:88.0) Gecko/20100101 Firefox/88.0"
127.0.0.1 - - [19/May/2021:20:34:33 +0530] "GET /wordpress/wp-content/plugins/elementor/assets/js/beta-tester.min.js?ver=3.2.3 HTTP/1.1" 304 - "http://localhost/wordpress/wp-admin/admin.php?page=elementor" "Mozilla/5.0 (Windows NT 10.0; Win64; x64; rv:88.0) Gecko/20100101 Firefox/88.0"
127.0.0.1 - - [19/May/2021:20:34:33 +0530] "GET /wordpress/wp-content/plugins/elementor/assets/lib/tipsy/tipsy.min.js?ver=1.0.0 HTTP/1.1" 304 - "http://localhost/wordpress/wp-content/plugins/elementor/assets/js/admin.min.js?ver=3.2.3" "Mozilla/5.0 (Windows NT 10.0; Win64; x64; rv:88.0) Gecko/20100101 Firefox/88.0"
127.0.0.1 - - [19/May/2021:20:34:41 +0530] "GET /wordpress/wp-admin/themes.php HTTP/1.1" 200 71679 "http://localhost/wordpress/wp-admin/admin.php?page=elementor" "Mozilla/5.0 (Windows NT 10.0; Win64; x64; rv:88.0) Gecko/20100101 Firefox/88.0"
127.0.0.1 - - [19/May/2021:20:34:42 +0530] "GET /wordpress/wp-content/themes/astra/screenshot.jpg HTTP/1.1" 304 - "http://localhost/wordpress/wp-admin/themes.php" "Mozilla/5.0 (Windows NT 10.0; Win64; x64; rv:88.0) Gecko/20100101 Firefox/88.0"
127.0.0.1 - - [19/May/2021:20:34:42 +0530] "GET /wordpress/wp-content/plugins/elementor/assets/lib/eicons/fonts/eicons.woff2?5.11.0 HTTP/1.1" 304 - "http://localhost/wordpress/wp-content/plugins/elementor/assets/lib/eicons/css/elementor-icons.min.css?ver=5.11.0" "Mozilla/5.0 (Windows NT 10.0; Win64; x64; rv:88.0) Gecko/20100101 Firefox/88.0"
127.0.0.1 - - [19/May/2021:20:34:46 +0530] "GET /wordpress/wp-admin/themes.php?action=activate&stylesheet=astra&_wpnonce=48e569c07c HTTP/1.1" 302 - "http://localhost/wordpress/wp-admin/themes.php" "Mozilla/5.0 (Windows NT 10.0; Win64; x64; rv:88.0) Gecko/20100101 Firefox/88.0"
127.0.0.1 - - [19/May/2021:20:34:49 +0530] "GET /wordpress/wp-content/plugins/elementor/assets/lib/eicons/css/elementor-icons.min.css?ver=5.11.0 HTTP/1.1" 304 - "http://localhost/wordpress/wp-admin/themes.php?activated=true" "Mozilla/5.0 (Windows NT 10.0; Win64; x64; rv:88.0) Gecko/20100101 Firefox/88.0"
127.0.0.1 - - [19/May/2021:20:34:49 +0530] "GET /wordpress/wp-content/plugins/elementor/assets/css/admin.min.css?ver=3.2.3 HTTP/1.1" 304 - "http://localhost/wordpress/wp-admin/themes.php?activated=true" "Mozilla/5.0 (Windows NT 10.0; Win64; x64; rv:88.0) Gecko/20100101 Firefox/88.0"
127.0.0.1 - - [19/May/2021:20:34:49 +0530] "GET /wordpress/wp-content/plugins/elementor/assets/css/common.min.css?ver=3.2.3 HTTP/1.1" 304 - "http://localhost/wordpress/wp-admin/themes.php?activated=true" "Mozilla/5.0 (Windows NT 10.0; Win64; x64; rv:88.0) Gecko/20100101 Firefox/88.0"
127.0.0.1 - - [19/May/2021:20:34:47 +0530] "GET /wordpress/wp-admin/themes.php?activated=true HTTP/1.1" 200 74393 "http://localhost/wordpress/wp-admin/themes.php" "Mozilla/5.0 (Windows NT 10.0; Win64; x64; rv:88.0) Gecko/20100101 Firefox/88.0"
127.0.0.1 - - [19/May/2021:20:34:49 +0530] "GET /wordpress/wp-content/themes/astra/inc/assets/images/astra-logo.svg HTTP/1.1" 200 1192 "http://localhost/wordpress/wp-admin/themes.php?activated=true" "Mozilla/5.0 (Windows NT 10.0; Win64; x64; rv:88.0) Gecko/20100101 Firefox/88.0"
127.0.0.1 - - [19/May/2021:20:34:49 +0530] "GET /wordpress/wp-content/themes/astra/inc/assets/css/astra-notices.css?ver=3.4.4 HTTP/1.1" 200 1738 "http://localhost/wordpress/wp-admin/themes.php?activated=true" "Mozilla/5.0 (Windows NT 10.0; Win64; x64; rv:88.0) Gecko/20100101 Firefox/88.0"
127.0.0.1 - - [19/May/2021:20:34:49 +0530] "GET /wordpress/wp-content/plugins/elementor/assets/lib/backbone/backbone.marionette.min.js?ver=2.4.5.e1 HTTP/1.1" 304 - "http://localhost/wordpress/wp-admin/themes.php?activated=true" "Mozilla/5.0 (Windows NT 10.0; Win64; x64; rv:88.0) Gecko/20100101 Firefox/88.0"
127.0.0.1 - - [19/May/2021:20:34:49 +0530] "GET /wordpress/wp-content/plugins/elementor/assets/lib/backbone/backbone.radio.min.js?ver=1.0.4 HTTP/1.1" 304 - "http://localhost/wordpress/wp-admin/themes.php?activated=true" "Mozilla/5.0 (Windows NT 10.0; Win64; x64; rv:88.0) Gecko/20100101 Firefox/88.0"
127.0.0.1 - - [19/May/2021:20:34:49 +0530] "GET /wordpress/wp-content/plugins/elementor/assets/js/common-modules.min.js?ver=3.2.3 HTTP/1.1" 304 - "http://localhost/wordpress/wp-admin/themes.php?activated=true" "Mozilla/5.0 (Windows NT 10.0; Win64; x64; rv:88.0) Gecko/20100101 Firefox/88.0"
127.0.0.1 - - [19/May/2021:20:34:49 +0530] "GET /wordpress/wp-content/plugins/elementor/assets/lib/dialog/dialog.min.js?ver=4.8.1 HTTP/1.1" 304 - "http://localhost/wordpress/wp-admin/themes.php?activated=true" "Mozilla/5.0 (Windows NT 10.0; Win64; x64; rv:88.0) Gecko/20100101 Firefox/88.0"
127.0.0.1 - - [19/May/2021:20:34:49 +0530] "GET /wordpress/wp-content/plugins/elementor/assets/js/common.min.js?ver=3.2.3 HTTP/1.1" 304 - "http://localhost/wordpress/wp-admin/themes.php?activated=true" "Mozilla/5.0 (Windows NT 10.0; Win64; x64; rv:88.0) Gecko/20100101 Firefox/88.0"
127.0.0.1 - - [19/May/2021:20:34:49 +0530] "GET /wordpress/wp-content/plugins/elementor/assets/js/app-loader.min.js?ver=3.2.3 HTTP/1.1" 304 - "http://localhost/wordpress/wp-admin/themes.php?activated=true" "Mozilla/5.0 (Windows NT 10.0; Win64; x64; rv:88.0) Gecko/20100101 Firefox/88.0"
127.0.0.1 - - [19/May/2021:20:34:49 +0530] "GET /wordpress/wp-content/plugins/elementor/assets/js/admin.min.js?ver=3.2.3 HTTP/1.1" 304 - "http://localhost/wordpress/wp-admin/themes.php?activated=true" "Mozilla/5.0 (Windows NT 10.0; Win64; x64; rv:88.0) Gecko/20100101 Firefox/88.0"
127.0.0.1 - - [19/May/2021:20:34:49 +0530] "GET /wordpress/wp-content/themes/astra/inc/assets/js/astra-admin-menu-settings.js?ver=3.4.4 HTTP/1.1" 200 9178 "http://localhost/wordpress/wp-admin/themes.php?activated=true" "Mozilla/5.0 (Windows NT 10.0; Win64; x64; rv:88.0) Gecko/20100101 Firefox/88.0"
127.0.0.1 - - [19/May/2021:20:34:49 +0530] "GET /wordpress/wp-content/themes/astra/inc/lib/notices/notices.js?ver=1.1.5 HTTP/1.1" 200 2159 "http://localhost/wordpress/wp-admin/themes.php?activated=true" "Mozilla/5.0 (Windows NT 10.0; Win64; x64; rv:88.0) Gecko/20100101 Firefox/88.0"
::1 - - [19/May/2021:20:35:04 +0530] "POST /wordpress/wp-cron.php?doing_wp_cron=1621436704.6939859390258789062500 HTTP/1.1" 200 - "http://localhost/wordpress/wp-cron.php?doing_wp_cron=1621436704.6939859390258789062500" "WordPress/5.7.2; http://localhost/wordpress"
127.0.0.1 - - [19/May/2021:20:35:03 +0530] "POST /wordpress/wp-admin/admin-ajax.php HTTP/1.1" 200 298 "http://localhost/wordpress/wp-admin/themes.php" "Mozilla/5.0 (Windows NT 10.0; Win64; x64; rv:88.0) Gecko/20100101 Firefox/88.0"
127.0.0.1 - - [19/May/2021:20:35:14 +0530] "POST /wordpress/wp-admin/admin-ajax.php HTTP/1.1" 200 126 "http://localhost/wordpress/wp-admin/themes.php" "Mozilla/5.0 (Windows NT 10.0; Win64; x64; rv:88.0) Gecko/20100101 Firefox/88.0"
127.0.0.1 - - [19/May/2021:20:35:15 +0530] "POST /wordpress/wp-admin/admin-ajax.php HTTP/1.1" 200 16 "http://localhost/wordpress/wp-admin/themes.php" "Mozilla/5.0 (Windows NT 10.0; Win64; x64; rv:88.0) Gecko/20100101 Firefox/88.0"
::1 - - [19/May/2021:20:35:20 +0530] "POST /wordpress/wp-cron.php?doing_wp_cron=1621436720.8440260887145996093750 HTTP/1.1" 200 - "http://localhost/wordpress/wp-cron.php?doing_wp_cron=1621436720.8440260887145996093750" "WordPress/5.7.2; http://localhost/wordpress"
127.0.0.1 - - [19/May/2021:20:35:25 +0530] "GET /wordpress/wp-content/plugins/astra-sites/assets/css/admin.css?ver=1 HTTP/1.1" 200 1408 "http://localhost/wordpress/wp-admin/themes.php?page=starter-templates&ast-disable-activation-notice" "Mozilla/5.0 (Windows NT 10.0; Win64; x64; rv:88.0) Gecko/20100101 Firefox/88.0"
127.0.0.1 - - [19/May/2021:20:35:25 +0530] "GET /wordpress/wp-content/plugins/astra-sites/inc/assets/css/import-status.css?ver=2.6.7 HTTP/1.1" 200 2312 "http://localhost/wordpress/wp-admin/themes.php?page=starter-templates&ast-disable-activation-notice" "Mozilla/5.0 (Windows NT 10.0; Win64; x64; rv:88.0) Gecko/20100101 Firefox/88.0"
127.0.0.1 - - [19/May/2021:20:35:25 +0530] "GET /wordpress/wp-content/plugins/elementor/assets/css/common.min.css?ver=3.2.3 HTTP/1.1" 304 - "http://localhost/wordpress/wp-admin/themes.php?page=starter-templates&ast-disable-activation-notice" "Mozilla/5.0 (Windows NT 10.0; Win64; x64; rv:88.0) Gecko/20100101 Firefox/88.0"
127.0.0.1 - - [19/May/2021:20:35:25 +0530] "GET /wordpress/wp-content/plugins/astra-sites/inc/assets/css/install-theme.css?ver=2.6.7 HTTP/1.1" 200 441 "http://localhost/wordpress/wp-admin/themes.php?page=starter-templates&ast-disable-activation-notice" "Mozilla/5.0 (Windows NT 10.0; Win64; x64; rv:88.0) Gecko/20100101 Firefox/88.0"
127.0.0.1 - - [19/May/2021:20:35:25 +0530] "GET /wordpress/wp-content/plugins/astra-sites/inc/assets/css/admin.css?ver=1 HTTP/1.1" 200 63684 "http://localhost/wordpress/wp-admin/themes.php?page=starter-templates&ast-disable-activation-notice" "Mozilla/5.0 (Windows NT 10.0; Win64; x64; rv:88.0) Gecko/20100101 Firefox/88.0"
127.0.0.1 - - [19/May/2021:20:35:25 +0530] "GET /wordpress/wp-content/plugins/elementor/assets/css/admin.min.css?ver=3.2.3 HTTP/1.1" 304 - "http://localhost/wordpress/wp-admin/themes.php?page=starter-templates&ast-disable-activation-notice" "Mozilla/5.0 (Windows NT 10.0; Win64; x64; rv:88.0) Gecko/20100101 Firefox/88.0"
127.0.0.1 - - [19/May/2021:20:35:15 +0530] "GET /wordpress/wp-admin/themes.php?page=starter-templates&ast-disable-activation-notice HTTP/1.1" 200 58832 "http://localhost/wordpress/wp-admin/themes.php" "Mozilla/5.0 (Windows NT 10.0; Win64; x64; rv:88.0) Gecko/20100101 Firefox/88.0"
127.0.0.1 - - [19/May/2021:20:35:25 +0530] "GET /wordpress/wp-content/plugins/astra-sites/inc/lib/bsf-quick-links/quicklink.css?ver=1.0.0 HTTP/1.1" 200 2561 "http://localhost/wordpress/wp-admin/themes.php?page=starter-templates&ast-disable-activation-notice" "Mozilla/5.0 (Windows NT 10.0; Win64; x64; rv:88.0) Gecko/20100101 Firefox/88.0"
127.0.0.1 - - [19/May/2021:20:35:25 +0530] "GET /wordpress/wp-content/plugins/astra-sites/assets/js/admin.js?ver=2.6.7 HTTP/1.1" 200 1020 "http://localhost/wordpress/wp-admin/themes.php?page=starter-templates&ast-disable-activation-notice" "Mozilla/5.0 (Windows NT 10.0; Win64; x64; rv:88.0) Gecko/20100101 Firefox/88.0"
127.0.0.1 - - [19/May/2021:20:35:25 +0530] "GET /wordpress/wp-content/plugins/elementor/assets/lib/backbone/backbone.marionette.min.js?ver=2.4.5.e1 HTTP/1.1" 304 - "http://localhost/wordpress/wp-admin/themes.php?page=starter-templates&ast-disable-activation-notice" "Mozilla/5.0 (Windows NT 10.0; Win64; x64; rv:88.0) Gecko/20100101 Firefox/88.0"
127.0.0.1 - - [19/May/2021:20:35:25 +0530] "GET /wordpress/wp-content/plugins/elementor/assets/lib/backbone/backbone.radio.min.js?ver=1.0.4 HTTP/1.1" 304 - "http://localhost/wordpress/wp-admin/themes.php?page=starter-templates&ast-disable-activation-notice" "Mozilla/5.0 (Windows NT 10.0; Win64; x64; rv:88.0) Gecko/20100101 Firefox/88.0"
127.0.0.1 - - [19/May/2021:20:35:25 +0530] "GET /wordpress/wp-content/plugins/elementor/assets/js/common-modules.min.js?ver=3.2.3 HTTP/1.1" 304 - "http://localhost/wordpress/wp-admin/themes.php?page=starter-templates&ast-disable-activation-notice" "Mozilla/5.0 (Windows NT 10.0; Win64; x64; rv:88.0) Gecko/20100101 Firefox/88.0"
127.0.0.1 - - [19/May/2021:20:35:25 +0530] "GET /wordpress/wp-content/plugins/elementor/assets/lib/dialog/dialog.min.js?ver=4.8.1 HTTP/1.1" 304 - "http://localhost/wordpress/wp-admin/themes.php?page=starter-templates&ast-disable-activation-notice" "Mozilla/5.0 (Windows NT 10.0; Win64; x64; rv:88.0) Gecko/20100101 Firefox/88.0"
127.0.0.1 - - [19/May/2021:20:35:25 +0530] "GET /wordpress/wp-content/plugins/elementor/assets/js/common.min.js?ver=3.2.3 HTTP/1.1" 304 - "http://localhost/wordpress/wp-admin/themes.php?page=starter-templates&ast-disable-activation-notice" "Mozilla/5.0 (Windows NT 10.0; Win64; x64; rv:88.0) Gecko/20100101 Firefox/88.0"
127.0.0.1 - - [19/May/2021:20:35:25 +0530] "GET /wordpress/wp-content/plugins/elementor/assets/js/app-loader.min.js?ver=3.2.3 HTTP/1.1" 304 - "http://localhost/wordpress/wp-admin/themes.php?page=starter-templates&ast-disable-activation-notice" "Mozilla/5.0 (Windows NT 10.0; Win64; x64; rv:88.0) Gecko/20100101 Firefox/88.0"
127.0.0.1 - - [19/May/2021:20:35:25 +0530] "GET /wordpress/wp-content/plugins/elementor/assets/js/admin.min.js?ver=3.2.3 HTTP/1.1" 304 - "http://localhost/wordpress/wp-admin/themes.php?page=starter-templates&ast-disable-activation-notice" "Mozilla/5.0 (Windows NT 10.0; Win64; x64; rv:88.0) Gecko/20100101 Firefox/88.0"
127.0.0.1 - - [19/May/2021:20:35:25 +0530] "GET /wordpress/wp-content/plugins/astra-sites/inc/assets/js/install-theme.js?ver=2.6.7 HTTP/1.1" 200 2756 "http://localhost/wordpress/wp-admin/themes.php?page=starter-templates&ast-disable-activation-notice" "Mozilla/5.0 (Windows NT 10.0; Win64; x64; rv:88.0) Gecko/20100101 Firefox/88.0"
127.0.0.1 - - [19/May/2021:20:35:25 +0530] "GET /wordpress/wp-content/plugins/astra-sites/inc/assets/js/fetch.umd.js?ver=2.6.7 HTTP/1.1" 200 14955 "http://localhost/wordpress/wp-admin/themes.php?page=starter-templates&ast-disable-activation-notice" "Mozilla/5.0 (Windows NT 10.0; Win64; x64; rv:88.0) Gecko/20100101 Firefox/88.0"
127.0.0.1 - - [19/May/2021:20:35:25 +0530] "GET /wordpress/wp-content/plugins/astra-sites/inc/assets/js/astra-sites-api.js?ver=2.6.7 HTTP/1.1" 200 2124 "http://localhost/wordpress/wp-admin/themes.php?page=starter-templates&ast-disable-activation-notice" "Mozilla/5.0 (Windows NT 10.0; Win64; x64; rv:88.0) Gecko/20100101 Firefox/88.0"
127.0.0.1 - - [19/May/2021:20:35:25 +0530] "GET /wordpress/wp-content/plugins/astra-sites/inc/assets/js/admin-page.js?ver=2.6.7 HTTP/1.1" 200 129224 "http://localhost/wordpress/wp-admin/themes.php?page=starter-templates&ast-disable-activation-notice" "Mozilla/5.0 (Windows NT 10.0; Win64; x64; rv:88.0) Gecko/20100101 Firefox/88.0"
127.0.0.1 - - [19/May/2021:20:35:25 +0530] "GET /wordpress/wp-content/plugins/astra-sites/inc/lib/bsf-quick-links/quicklinks.js?ver=1.0.0 HTTP/1.1" 200 2330 "http://localhost/wordpress/wp-admin/themes.php?page=starter-templates&ast-disable-activation-notice" "Mozilla/5.0 (Windows NT 10.0; Win64; x64; rv:88.0) Gecko/20100101 Firefox/88.0"
127.0.0.1 - - [19/May/2021:20:35:25 +0530] "GET /wordpress/wp-content/plugins/astra-sites/inc/assets/js/history.js?ver=2.6.7 HTTP/1.1" 200 15839 "http://localhost/wordpress/wp-admin/themes.php?page=starter-templates&ast-disable-activation-notice" "Mozilla/5.0 (Windows NT 10.0; Win64; x64; rv:88.0) Gecko/20100101 Firefox/88.0"
127.0.0.1 - - [19/May/2021:20:35:25 +0530] "GET /wordpress/wp-content/plugins/elementor/assets/lib/eicons/css/elementor-icons.min.css?ver=5.11.0 HTTP/1.1" 304 - "http://localhost/wordpress/wp-admin/themes.php?page=starter-templates&ast-disable-activation-notice" "Mozilla/5.0 (Windows NT 10.0; Win64; x64; rv:88.0) Gecko/20100101 Firefox/88.0"
127.0.0.1 - - [19/May/2021:20:35:25 +0530] "GET /wordpress/wp-content/plugins/astra-sites/inc/assets/images/brizy.jpg HTTP/1.1" 200 4123 "http://localhost/wordpress/wp-admin/themes.php?page=starter-templates&ast-disable-activation-notice" "Mozilla/5.0 (Windows NT 10.0; Win64; x64; rv:88.0) Gecko/20100101 Firefox/88.0"
127.0.0.1 - - [19/May/2021:20:35:25 +0530] "GET /wordpress/wp-content/plugins/astra-sites/inc/assets/images/block-editor.png HTTP/1.1" 200 25002 "http://localhost/wordpress/wp-admin/themes.php?page=starter-templates&ast-disable-activation-notice" "Mozilla/5.0 (Windows NT 10.0; Win64; x64; rv:88.0) Gecko/20100101 Firefox/88.0"
127.0.0.1 - - [19/May/2021:20:35:25 +0530] "GET /wordpress/wp-content/plugins/astra-sites/inc/assets/images/logo.svg HTTP/1.1" 200 2605 "http://localhost/wordpress/wp-admin/themes.php?page=starter-templates&ast-disable-activation-notice" "Mozilla/5.0 (Windows NT 10.0; Win64; x64; rv:88.0) Gecko/20100101 Firefox/88.0"
127.0.0.1 - - [19/May/2021:20:35:25 +0530] "GET /wordpress/wp-content/plugins/astra-sites/inc/assets/images/beaver-builder.jpg HTTP/1.1" 200 6598 "http://localhost/wordpress/wp-admin/themes.php?page=starter-templates&ast-disable-activation-notice" "Mozilla/5.0 (Windows NT 10.0; Win64; x64; rv:88.0) Gecko/20100101 Firefox/88.0"
127.0.0.1 - - [19/May/2021:20:35:25 +0530] "GET /wordpress/wp-content/plugins/astra-sites/inc/assets/images/elementor.jpg HTTP/1.1" 200 6532 "http://localhost/wordpress/wp-admin/themes.php?page=starter-templates&ast-disable-activation-notice" "Mozilla/5.0 (Windows NT 10.0; Win64; x64; rv:88.0) Gecko/20100101 Firefox/88.0"
::1 - - [19/May/2021:20:35:24 +0530] "POST /wordpress/wp-admin/admin-ajax.php?action=wp_astra_site_importer&nonce=2b4d51630c HTTP/1.1" 200 - "http://localhost/wordpress/wp-admin/admin-ajax.php?action=wp_astra_site_importer&nonce=2b4d51630c" "WordPress/5.7.2; http://localhost/wordpress"
127.0.0.1 - - [19/May/2021:20:35:30 +0530] "POST /wordpress/wp-admin/admin-ajax.php HTTP/1.1" 200 756846 "http://localhost/wordpress/wp-admin/themes.php?page=starter-templates&ast-disable-activation-notice" "Mozilla/5.0 (Windows NT 10.0; Win64; x64; rv:88.0) Gecko/20100101 Firefox/88.0"
127.0.0.1 - - [19/May/2021:20:35:30 +0530] "POST /wordpress/wp-admin/admin-ajax.php HTTP/1.1" 200 751532 "http://localhost/wordpress/wp-admin/themes.php?page=starter-templates&ast-disable-activation-notice" "Mozilla/5.0 (Windows NT 10.0; Win64; x64; rv:88.0) Gecko/20100101 Firefox/88.0"
127.0.0.1 - - [19/May/2021:20:35:34 +0530] "POST /wordpress/wp-admin/admin-ajax.php HTTP/1.1" 200 47 "http://localhost/wordpress/wp-admin/admin.php?page=elementor" "Mozilla/5.0 (Windows NT 10.0; Win64; x64; rv:88.0) Gecko/20100101 Firefox/88.0"
127.0.0.1 - - [19/May/2021:20:35:32 +0530] "GET /wordpress/wp-admin/themes.php?page=starter-templates&ast-disable-activation-notice= HTTP/1.1" 200 17288 "-" "Mozilla/5.0 (Windows NT 10.0; Win64; x64; rv:88.0) Gecko/20100101 Firefox/88.0"
127.0.0.1 - - [19/May/2021:20:35:39 +0530] "GET /wordpress/wp-content/plugins/astra-sites/assets/css/admin.css?ver=1 HTTP/1.1" 304 - "http://localhost/wordpress/wp-admin/themes.php?page=starter-templates&ast-disable-activation-notice=" "Mozilla/5.0 (Windows NT 10.0; Win64; x64; rv:88.0) Gecko/20100101 Firefox/88.0"
127.0.0.1 - - [19/May/2021:20:35:39 +0530] "GET /wordpress/wp-content/plugins/astra-sites/inc/assets/css/install-theme.css?ver=2.6.7 HTTP/1.1" 304 - "http://localhost/wordpress/wp-admin/themes.php?page=starter-templates&ast-disable-activation-notice=" "Mozilla/5.0 (Windows NT 10.0; Win64; x64; rv:88.0) Gecko/20100101 Firefox/88.0"
127.0.0.1 - - [19/May/2021:20:35:39 +0530] "GET /wordpress/wp-content/plugins/astra-sites/inc/assets/css/import-status.css?ver=2.6.7 HTTP/1.1" 304 - "http://localhost/wordpress/wp-admin/themes.php?page=starter-templates&ast-disable-activation-notice=" "Mozilla/5.0 (Windows NT 10.0; Win64; x64; rv:88.0) Gecko/20100101 Firefox/88.0"
127.0.0.1 - - [19/May/2021:20:35:39 +0530] "GET /wordpress/wp-content/plugins/astra-sites/inc/assets/css/admin.css?ver=1 HTTP/1.1" 304 - "http://localhost/wordpress/wp-admin/themes.php?page=starter-templates&ast-disable-activation-notice=" "Mozilla/5.0 (Windows NT 10.0; Win64; x64; rv:88.0) Gecko/20100101 Firefox/88.0"
127.0.0.1 - - [19/May/2021:20:35:39 +0530] "GET /wordpress/wp-includes/js/wp-emoji-release.min.js?ver=5.7.2 HTTP/1.1" 304 - "http://localhost/wordpress/wp-admin/themes.php?page=starter-templates&ast-disable-activation-notice=" "Mozilla/5.0 (Windows NT 10.0; Win64; x64; rv:88.0) Gecko/20100101 Firefox/88.0"
127.0.0.1 - - [19/May/2021:20:35:32 +0530] "GET /wordpress/wp-admin/themes.php?page=starter-templates&ast-disable-activation-notice= HTTP/1.1" 200 854366 "-" "Mozilla/5.0 (Windows NT 10.0; Win64; x64; rv:88.0) Gecko/20100101 Firefox/88.0"
127.0.0.1 - - [19/May/2021:20:35:40 +0530] "GET /wordpress/wp-content/plugins/astra-sites/inc/lib/bsf-quick-links/quicklink.css?ver=1.0.0 HTTP/1.1" 304 - "http://localhost/wordpress/wp-admin/themes.php?page=starter-templates&ast-disable-activation-notice=" "Mozilla/5.0 (Windows NT 10.0; Win64; x64; rv:88.0) Gecko/20100101 Firefox/88.0"
127.0.0.1 - - [19/May/2021:20:35:40 +0530] "GET /wordpress/wp-admin/js/common.min.js?ver=5.7.2 HTTP/1.1" 304 - "http://localhost/wordpress/wp-admin/themes.php?page=starter-templates&ast-disable-activation-notice=" "Mozilla/5.0 (Windows NT 10.0; Win64; x64; rv:88.0) Gecko/20100101 Firefox/88.0"
127.0.0.1 - - [19/May/2021:20:35:40 +0530] "GET /wordpress/wp-includes/js/hoverintent-js.min.js?ver=2.2.1 HTTP/1.1" 304 - "http://localhost/wordpress/wp-admin/themes.php?page=starter-templates&ast-disable-activation-notice=" "Mozilla/5.0 (Windows NT 10.0; Win64; x64; rv:88.0) Gecko/20100101 Firefox/88.0"
127.0.0.1 - - [19/May/2021:20:35:40 +0530] "GET /wordpress/wp-includes/js/admin-bar.min.js?ver=5.7.2 HTTP/1.1" 304 - "http://localhost/wordpress/wp-admin/themes.php?page=starter-templates&ast-disable-activation-notice=" "Mozilla/5.0 (Windows NT 10.0; Win64; x64; rv:88.0) Gecko/20100101 Firefox/88.0"
127.0.0.1 - - [19/May/2021:20:35:40 +0530] "GET /wordpress/wp-admin/js/svg-painter.js?ver=5.7.2 HTTP/1.1" 304 - "http://localhost/wordpress/wp-admin/themes.php?page=starter-templates&ast-disable-activation-notice=" "Mozilla/5.0 (Windows NT 10.0; Win64; x64; rv:88.0) Gecko/20100101 Firefox/88.0"
127.0.0.1 - - [19/May/2021:20:35:40 +0530] "GET /wordpress/wp-includes/js/heartbeat.min.js?ver=5.7.2 HTTP/1.1" 304 - "http://localhost/wordpress/wp-admin/themes.php?page=starter-templates&ast-disable-activation-notice=" "Mozilla/5.0 (Windows NT 10.0; Win64; x64; rv:88.0) Gecko/20100101 Firefox/88.0"
127.0.0.1 - - [19/May/2021:20:35:40 +0530] "GET /wordpress/wp-includes/js/wp-auth-check.min.js?ver=5.7.2 HTTP/1.1" 304 - "http://localhost/wordpress/wp-admin/themes.php?page=starter-templates&ast-disable-activation-notice=" "Mozilla/5.0 (Windows NT 10.0; Win64; x64; rv:88.0) Gecko/20100101 Firefox/88.0"
127.0.0.1 - - [19/May/2021:20:35:40 +0530] "GET /wordpress/wp-content/plugins/astra-sites/assets/js/admin.js?ver=2.6.7 HTTP/1.1" 304 - "http://localhost/wordpress/wp-admin/themes.php?page=starter-templates&ast-disable-activation-notice=" "Mozilla/5.0 (Windows NT 10.0; Win64; x64; rv:88.0) Gecko/20100101 Firefox/88.0"
127.0.0.1 - - [19/May/2021:20:35:40 +0530] "GET /wordpress/wp-includes/js/jquery/ui/core.min.js?ver=1.12.1 HTTP/1.1" 304 - "http://localhost/wordpress/wp-admin/themes.php?page=starter-templates&ast-disable-activation-notice=" "Mozilla/5.0 (Windows NT 10.0; Win64; x64; rv:88.0) Gecko/20100101 Firefox/88.0"
127.0.0.1 - - [19/May/2021:20:35:40 +0530] "GET /wordpress/wp-includes/js/jquery/ui/mouse.min.js?ver=1.12.1 HTTP/1.1" 304 - "http://localhost/wordpress/wp-admin/themes.php?page=starter-templates&ast-disable-activation-notice=" "Mozilla/5.0 (Windows NT 10.0; Win64; x64; rv:88.0) Gecko/20100101 Firefox/88.0"
127.0.0.1 - - [19/May/2021:20:35:40 +0530] "GET /wordpress/wp-includes/js/jquery/ui/draggable.min.js?ver=1.12.1 HTTP/1.1" 304 - "http://localhost/wordpress/wp-admin/themes.php?page=starter-templates&ast-disable-activation-notice=" "Mozilla/5.0 (Windows NT 10.0; Win64; x64; rv:88.0) Gecko/20100101 Firefox/88.0"
127.0.0.1 - - [19/May/2021:20:35:40 +0530] "GET /wordpress/wp-includes/js/underscore.min.js?ver=1.8.3 HTTP/1.1" 304 - "http://localhost/wordpress/wp-admin/themes.php?page=starter-templates&ast-disable-activation-notice=" "Mozilla/5.0 (Windows NT 10.0; Win64; x64; rv:88.0) Gecko/20100101 Firefox/88.0"
127.0.0.1 - - [19/May/2021:20:35:40 +0530] "GET /wordpress/wp-includes/js/backbone.min.js?ver=1.4.0 HTTP/1.1" 304 - "http://localhost/wordpress/wp-admin/themes.php?page=starter-templates&ast-disable-activation-notice=" "Mozilla/5.0 (Windows NT 10.0; Win64; x64; rv:88.0) Gecko/20100101 Firefox/88.0"
127.0.0.1 - - [19/May/2021:20:35:40 +0530] "GET /wordpress/wp-content/plugins/elementor/assets/lib/backbone/backbone.marionette.min.js?ver=2.4.5.e1 HTTP/1.1" 304 - "http://localhost/wordpress/wp-admin/themes.php?page=starter-templates&ast-disable-activation-notice=" "Mozilla/5.0 (Windows NT 10.0; Win64; x64; rv:88.0) Gecko/20100101 Firefox/88.0"
127.0.0.1 - - [19/May/2021:20:35:40 +0530] "GET /wordpress/wp-content/plugins/elementor/assets/lib/backbone/backbone.radio.min.js?ver=1.0.4 HTTP/1.1" 304 - "http://localhost/wordpress/wp-admin/themes.php?page=starter-templates&ast-disable-activation-notice=" "Mozilla/5.0 (Windows NT 10.0; Win64; x64; rv:88.0) Gecko/20100101 Firefox/88.0"
127.0.0.1 - - [19/May/2021:20:35:40 +0530] "GET /wordpress/wp-content/plugins/elementor/assets/js/common-modules.min.js?ver=3.2.3 HTTP/1.1" 304 - "http://localhost/wordpress/wp-admin/themes.php?page=starter-templates&ast-disable-activation-notice=" "Mozilla/5.0 (Windows NT 10.0; Win64; x64; rv:88.0) Gecko/20100101 Firefox/88.0"
127.0.0.1 - - [19/May/2021:20:35:40 +0530] "GET /wordpress/wp-content/plugins/elementor/assets/lib/dialog/dialog.min.js?ver=4.8.1 HTTP/1.1" 304 - "http://localhost/wordpress/wp-admin/themes.php?page=starter-templates&ast-disable-activation-notice=" "Mozilla/5.0 (Windows NT 10.0; Win64; x64; rv:88.0) Gecko/20100101 Firefox/88.0"
127.0.0.1 - - [19/May/2021:20:35:40 +0530] "GET /wordpress/wp-includes/js/api-request.min.js?ver=5.7.2 HTTP/1.1" 304 - "http://localhost/wordpress/wp-admin/themes.php?page=starter-templates&ast-disable-activation-notice=" "Mozilla/5.0 (Windows NT 10.0; Win64; x64; rv:88.0) Gecko/20100101 Firefox/88.0"
127.0.0.1 - - [19/May/2021:20:35:40 +0530] "GET /wordpress/wp-content/plugins/elementor/assets/js/common.min.js?ver=3.2.3 HTTP/1.1" 304 - "http://localhost/wordpress/wp-admin/themes.php?page=starter-templates&ast-disable-activation-notice=" "Mozilla/5.0 (Windows NT 10.0; Win64; x64; rv:88.0) Gecko/20100101 Firefox/88.0"
127.0.0.1 - - [19/May/2021:20:35:40 +0530] "GET /wordpress/wp-content/plugins/elementor/assets/js/app-loader.min.js?ver=3.2.3 HTTP/1.1" 304 - "http://localhost/wordpress/wp-admin/themes.php?page=starter-templates&ast-disable-activation-notice=" "Mozilla/5.0 (Windows NT 10.0; Win64; x64; rv:88.0) Gecko/20100101 Firefox/88.0"
127.0.0.1 - - [19/May/2021:20:35:40 +0530] "GET /wordpress/wp-content/plugins/elementor/assets/js/admin.min.js?ver=3.2.3 HTTP/1.1" 304 - "http://localhost/wordpress/wp-admin/themes.php?page=starter-templates&ast-disable-activation-notice=" "Mozilla/5.0 (Windows NT 10.0; Win64; x64; rv:88.0) Gecko/20100101 Firefox/88.0"
127.0.0.1 - - [19/May/2021:20:35:40 +0530] "GET /wordpress/wp-includes/js/dist/hooks.min.js?ver=50e23bed88bcb9e6e14023e9961698c1 HTTP/1.1" 304 - "http://localhost/wordpress/wp-admin/themes.php?page=starter-templates&ast-disable-activation-notice=" "Mozilla/5.0 (Windows NT 10.0; Win64; x64; rv:88.0) Gecko/20100101 Firefox/88.0"
127.0.0.1 - - [19/May/2021:20:35:40 +0530] "GET /wordpress/wp-includes/js/thickbox/thickbox.js?ver=3.1-20121105 HTTP/1.1" 304 - "http://localhost/wordpress/wp-admin/themes.php?page=starter-templates&ast-disable-activation-notice=" "Mozilla/5.0 (Windows NT 10.0; Win64; x64; rv:88.0) Gecko/20100101 Firefox/88.0"
127.0.0.1 - - [19/May/2021:20:35:40 +0530] "GET /wordpress/wp-includes/js/wp-util.min.js?ver=5.7.2 HTTP/1.1" 304 - "http://localhost/wordpress/wp-admin/themes.php?page=starter-templates&ast-disable-activation-notice=" "Mozilla/5.0 (Windows NT 10.0; Win64; x64; rv:88.0) Gecko/20100101 Firefox/88.0"
127.0.0.1 - - [19/May/2021:20:35:40 +0530] "GET /wordpress/wp-includes/js/dist/dom-ready.min.js?ver=eb19f7980f0268577acb5c2da5457de3 HTTP/1.1" 304 - "http://localhost/wordpress/wp-admin/themes.php?page=starter-templates&ast-disable-activation-notice=" "Mozilla/5.0 (Windows NT 10.0; Win64; x64; rv:88.0) Gecko/20100101 Firefox/88.0"
127.0.0.1 - - [19/May/2021:20:35:40 +0530] "GET /wordpress/wp-includes/js/dist/a11y.min.js?ver=5e00de7a43b31bbb9eaf685f089a3903 HTTP/1.1" 304 - "http://localhost/wordpress/wp-admin/themes.php?page=starter-templates&ast-disable-activation-notice=" "Mozilla/5.0 (Windows NT 10.0; Win64; x64; rv:88.0) Gecko/20100101 Firefox/88.0"
127.0.0.1 - - [19/May/2021:20:35:40 +0530] "GET /wordpress/wp-includes/js/dist/i18n.min.js?ver=db9a9a37da262883343e941c3731bc67 HTTP/1.1" 304 - "http://localhost/wordpress/wp-admin/themes.php?page=starter-templates&ast-disable-activation-notice=" "Mozilla/5.0 (Windows NT 10.0; Win64; x64; rv:88.0) Gecko/20100101 Firefox/88.0"
127.0.0.1 - - [19/May/2021:20:35:40 +0530] "GET /wordpress/wp-admin/js/updates.min.js?ver=5.7.2 HTTP/1.1" 304 - "http://localhost/wordpress/wp-admin/themes.php?page=starter-templates&ast-disable-activation-notice=" "Mozilla/5.0 (Windows NT 10.0; Win64; x64; rv:88.0) Gecko/20100101 Firefox/88.0"
127.0.0.1 - - [19/May/2021:20:35:40 +0530] "GET /wordpress/wp-includes/js/wp-sanitize.min.js?ver=5.7.2 HTTP/1.1" 304 - "http://localhost/wordpress/wp-admin/themes.php?page=starter-templates&ast-disable-activation-notice=" "Mozilla/5.0 (Windows NT 10.0; Win64; x64; rv:88.0) Gecko/20100101 Firefox/88.0"
127.0.0.1 - - [19/May/2021:20:35:40 +0530] "GET /wordpress/wp-includes/js/jquery/ui/autocomplete.min.js?ver=1.12.1 HTTP/1.1" 304 - "http://localhost/wordpress/wp-admin/themes.php?page=starter-templates&ast-disable-activation-notice=" "Mozilla/5.0 (Windows NT 10.0; Win64; x64; rv:88.0) Gecko/20100101 Firefox/88.0"
127.0.0.1 - - [19/May/2021:20:35:40 +0530] "GET /wordpress/wp-includes/js/jquery/ui/menu.min.js?ver=1.12.1 HTTP/1.1" 304 - "http://localhost/wordpress/wp-admin/themes.php?page=starter-templates&ast-disable-activation-notice=" "Mozilla/5.0 (Windows NT 10.0; Win64; x64; rv:88.0) Gecko/20100101 Firefox/88.0"
127.0.0.1 - - [19/May/2021:20:35:40 +0530] "GET /wordpress/wp-content/plugins/astra-sites/inc/assets/js/install-theme.js?ver=2.6.7 HTTP/1.1" 304 - "http://localhost/wordpress/wp-admin/themes.php?page=starter-templates&ast-disable-activation-notice=" "Mozilla/5.0 (Windows NT 10.0; Win64; x64; rv:88.0) Gecko/20100101 Firefox/88.0"
127.0.0.1 - - [19/May/2021:20:35:40 +0530] "GET /wordpress/wp-content/plugins/astra-sites/inc/assets/js/fetch.umd.js?ver=2.6.7 HTTP/1.1" 304 - "http://localhost/wordpress/wp-admin/themes.php?page=starter-templates&ast-disable-activation-notice=" "Mozilla/5.0 (Windows NT 10.0; Win64; x64; rv:88.0) Gecko/20100101 Firefox/88.0"
127.0.0.1 - - [19/May/2021:20:35:40 +0530] "GET /wordpress/wp-content/plugins/astra-sites/inc/assets/js/astra-sites-api.js?ver=2.6.7 HTTP/1.1" 304 - "http://localhost/wordpress/wp-admin/themes.php?page=starter-templates&ast-disable-activation-notice=" "Mozilla/5.0 (Windows NT 10.0; Win64; x64; rv:88.0) Gecko/20100101 Firefox/88.0"
127.0.0.1 - - [19/May/2021:20:35:40 +0530] "GET /wordpress/wp-content/plugins/astra-sites/inc/assets/js/history.js?ver=2.6.7 HTTP/1.1" 304 - "http://localhost/wordpress/wp-admin/themes.php?page=starter-templates&ast-disable-activation-notice=" "Mozilla/5.0 (Windows NT 10.0; Win64; x64; rv:88.0) Gecko/20100101 Firefox/88.0"
127.0.0.1 - - [19/May/2021:20:35:40 +0530] "GET /wordpress/wp-content/plugins/astra-sites/inc/lib/bsf-quick-links/quicklinks.js?ver=1.0.0 HTTP/1.1" 304 - "http://localhost/wordpress/wp-admin/themes.php?page=starter-templates&ast-disable-activation-notice=" "Mozilla/5.0 (Windows NT 10.0; Win64; x64; rv:88.0) Gecko/20100101 Firefox/88.0"
127.0.0.1 - - [19/May/2021:20:35:40 +0530] "GET /wordpress/wp-content/plugins/astra-sites/inc/assets/js/admin-page.js?ver=2.6.7 HTTP/1.1" 304 - "http://localhost/wordpress/wp-admin/themes.php?page=starter-templates&ast-disable-activation-notice=" "Mozilla/5.0 (Windows NT 10.0; Win64; x64; rv:88.0) Gecko/20100101 Firefox/88.0"
127.0.0.1 - - [19/May/2021:20:35:39 +0530] "GET /wordpress/wp-admin/load-scripts.php?c=1&load%5Bchunk_0%5D=jquery-core,jquery-migrate,utils&ver=5.7.2 HTTP/1.1" 304 - "http://localhost/wordpress/wp-admin/themes.php?page=starter-templates&ast-disable-activation-notice=" "Mozilla/5.0 (Windows NT 10.0; Win64; x64; rv:88.0) Gecko/20100101 Firefox/88.0"
127.0.0.1 - - [19/May/2021:20:35:40 +0530] "GET /wordpress/wp-admin/load-scripts.php?c=1&load%5Bchunk_0%5D=hoverIntent&ver=5.7.2 HTTP/1.1" 304 - "http://localhost/wordpress/wp-admin/themes.php?page=starter-templates&ast-disable-activation-notice=" "Mozilla/5.0 (Windows NT 10.0; Win64; x64; rv:88.0) Gecko/20100101 Firefox/88.0"
127.0.0.1 - - [19/May/2021:20:35:40 +0530] "GET /wordpress/wp-includes/js/dist/vendor/wp-polyfill.min.js?ver=7.4.4 HTTP/1.1" 304 - "http://localhost/wordpress/wp-admin/themes.php?page=starter-templates&ast-disable-activation-notice=" "Mozilla/5.0 (Windows NT 10.0; Win64; x64; rv:88.0) Gecko/20100101 Firefox/88.0"
::1 - - [19/May/2021:20:35:38 +0530] "POST /wordpress/wp-admin/admin-ajax.php?action=wp_astra_site_importer&nonce=2b4d51630c HTTP/1.1" 200 - "http://localhost/wordpress/wp-admin/admin-ajax.php?action=wp_astra_site_importer&nonce=2b4d51630c" "WordPress/5.7.2; http://localhost/wordpress"
127.0.0.1 - - [19/May/2021:20:35:40 +0530] "GET /wordpress/wp-content/plugins/astra-sites/inc/assets/images/logo.svg HTTP/1.1" 304 - "http://localhost/wordpress/wp-admin/themes.php?page=starter-templates&ast-disable-activation-notice" "Mozilla/5.0 (Windows NT 10.0; Win64; x64; rv:88.0) Gecko/20100101 Firefox/88.0"
127.0.0.1 - - [19/May/2021:20:35:40 +0530] "GET /wordpress/wp-content/plugins/astra-sites/inc/assets/images/elementor.jpg HTTP/1.1" 304 - "http://localhost/wordpress/wp-admin/themes.php?page=starter-templates&ast-disable-activation-notice" "Mozilla/5.0 (Windows NT 10.0; Win64; x64; rv:88.0) Gecko/20100101 Firefox/88.0"
::1 - - [19/May/2021:20:35:38 +0530] "POST /wordpress/wp-admin/admin-ajax.php?action=wp_astra_site_importer&nonce=2b4d51630c HTTP/1.1" 200 - "http://localhost/wordpress/wp-admin/admin-ajax.php?action=wp_astra_site_importer&nonce=2b4d51630c" "WordPress/5.7.2; http://localhost/wordpress"
127.0.0.1 - - [19/May/2021:20:35:40 +0530] "GET /wordpress/wp-content/plugins/astra-sites/inc/assets/images/block-editor.png HTTP/1.1" 304 - "http://localhost/wordpress/wp-admin/themes.php?page=starter-templates&ast-disable-activation-notice" "Mozilla/5.0 (Windows NT 10.0; Win64; x64; rv:88.0) Gecko/20100101 Firefox/88.0"
127.0.0.1 - - [19/May/2021:20:35:40 +0530] "GET /wordpress/wp-content/plugins/astra-sites/inc/assets/images/beaver-builder.jpg HTTP/1.1" 304 - "http://localhost/wordpress/wp-admin/themes.php?page=starter-templates&ast-disable-activation-notice" "Mozilla/5.0 (Windows NT 10.0; Win64; x64; rv:88.0) Gecko/20100101 Firefox/88.0"
127.0.0.1 - - [19/May/2021:20:35:40 +0530] "GET /wordpress/wp-content/plugins/astra-sites/inc/assets/images/brizy.jpg HTTP/1.1" 304 - "http://localhost/wordpress/wp-admin/themes.php?page=starter-templates&ast-disable-activation-notice" "Mozilla/5.0 (Windows NT 10.0; Win64; x64; rv:88.0) Gecko/20100101 Firefox/88.0"
127.0.0.1 - - [19/May/2021:20:35:40 +0530] "GET /wordpress/wp-content/plugins/astra-sites/inc/assets/fonts/astra-sites.ttf?9i8jex HTTP/1.1" 200 2352 "http://localhost/wordpress/wp-content/plugins/astra-sites/inc/assets/css/admin.css?ver=1" "Mozilla/5.0 (Windows NT 10.0; Win64; x64; rv:88.0) Gecko/20100101 Firefox/88.0"
127.0.0.1 - - [19/May/2021:20:35:40 +0530] "GET /wordpress/wp-includes/js/thickbox/loadingAnimation.gif HTTP/1.1" 304 - "http://localhost/wordpress/wp-admin/themes.php?page=starter-templates&ast-disable-activation-notice" "Mozilla/5.0 (Windows NT 10.0; Win64; x64; rv:88.0) Gecko/20100101 Firefox/88.0"
::1 - - [19/May/2021:20:35:24 +0530] "POST /wordpress/wp-cron.php?doing_wp_cron=1621436724.9257099628448486328125 HTTP/1.1" 500 2565 "http://localhost/wordpress/wp-cron.php?doing_wp_cron=1621436724.9257099628448486328125" "WordPress/5.7.2; http://localhost/wordpress"
::1 - - [19/May/2021:20:35:46 +0530] "POST /wordpress/wp-admin/admin-ajax.php?action=wp_astra_site_importer&nonce=353a542629 HTTP/1.1" 200 - "http://localhost/wordpress/wp-admin/admin-ajax.php?action=wp_astra_site_importer&nonce=353a542629" "WordPress/5.7.2; http://localhost/wordpress"
::1 - - [19/May/2021:20:36:07 +0530] "POST /wordpress/wp-admin/admin-ajax.php?action=wp_astra_site_importer&nonce=353a542629 HTTP/1.1" 200 - "http://localhost/wordpress/wp-admin/admin-ajax.php?action=wp_astra_site_importer&nonce=353a542629" "WordPress/5.7.2; http://localhost/wordpress"
127.0.0.1 - - [19/May/2021:20:36:40 +0530] "POST /wordpress/wp-admin/admin-ajax.php HTTP/1.1" 200 47 "http://localhost/wordpress/wp-admin/themes.php?page=starter-templates&ast-disable-activation-notice" "Mozilla/5.0 (Windows NT 10.0; Win64; x64; rv:88.0) Gecko/20100101 Firefox/88.0"
::1 - - [19/May/2021:20:36:41 +0530] "POST /wordpress/wp-cron.php?doing_wp_cron=1621436801.7494599819183349609375 HTTP/1.1" 200 - "http://localhost/wordpress/wp-cron.php?doing_wp_cron=1621436801.7494599819183349609375" "WordPress/5.7.2; http://localhost/wordpress"
127.0.0.1 - - [19/May/2021:20:37:34 +0530] "POST /wordpress/wp-admin/admin-ajax.php HTTP/1.1" 200 47 "http://localhost/wordpress/wp-admin/admin.php?page=elementor" "Mozilla/5.0 (Windows NT 10.0; Win64; x64; rv:88.0) Gecko/20100101 Firefox/88.0"
127.0.0.1 - - [19/May/2021:20:37:40 +0530] "POST /wordpress/wp-admin/admin-ajax.php HTTP/1.1" 200 47 "http://localhost/wordpress/wp-admin/themes.php?page=starter-templates&ast-disable-activation-notice=" "Mozilla/5.0 (Windows NT 10.0; Win64; x64; rv:88.0) Gecko/20100101 Firefox/88.0"
127.0.0.1 - - [19/May/2021:20:38:34 +0530] "POST /wordpress/wp-admin/admin-ajax.php HTTP/1.1" 200 173169 "http://localhost/wordpress/wp-admin/themes.php?page=starter-templates&ast-disable-activation-notice=&astra-site=id-51415&astra-page=id-51416" "Mozilla/5.0 (Windows NT 10.0; Win64; x64; rv:88.0) Gecko/20100101 Firefox/88.0"
127.0.0.1 - - [19/May/2021:20:38:38 +0530] "POST /wordpress/wp-admin/admin-ajax.php HTTP/1.1" 200 448 "http://localhost/wordpress/wp-admin/themes.php?page=starter-templates&ast-disable-activation-notice=&astra-site=id-51415&astra-page=id-51416" "Mozilla/5.0 (Windows NT 10.0; Win64; x64; rv:88.0) Gecko/20100101 Firefox/88.0"
127.0.0.1 - - [19/May/2021:20:38:40 +0530] "POST /wordpress/wp-admin/admin-ajax.php HTTP/1.1" 200 47 "http://localhost/wordpress/wp-admin/themes.php?page=starter-templates&ast-disable-activation-notice=&astra-site=id-51415&astra-page=id-51416" "Mozilla/5.0 (Windows NT 10.0; Win64; x64; rv:88.0) Gecko/20100101 Firefox/88.0"
127.0.0.1 - - [19/May/2021:20:38:59 +0530] "POST /wordpress/wp-admin/admin-ajax.php HTTP/1.1" 200 79 "http://localhost/wordpress/wp-admin/themes.php?page=starter-templates&ast-disable-activation-notice=&astra-site=id-51415&astra-page=id-51416" "Mozilla/5.0 (Windows NT 10.0; Win64; x64; rv:88.0) Gecko/20100101 Firefox/88.0"
127.0.0.1 - - [19/May/2021:20:39:00 +0530] "POST /wordpress/wp-admin/admin-ajax.php HTTP/1.1" 200 312 "http://localhost/wordpress/wp-admin/themes.php?page=starter-templates&ast-disable-activation-notice=&astra-site=id-51415&astra-page=id-51416" "Mozilla/5.0 (Windows NT 10.0; Win64; x64; rv:88.0) Gecko/20100101 Firefox/88.0"
127.0.0.1 - - [19/May/2021:20:39:09 +0530] "POST /wordpress/wp-admin/admin-ajax.php HTTP/1.1" 200 69 "http://localhost/wordpress/wp-admin/themes.php?page=starter-templates&ast-disable-activation-notice=&astra-site=id-51415&astra-page=id-51416" "Mozilla/5.0 (Windows NT 10.0; Win64; x64; rv:88.0) Gecko/20100101 Firefox/88.0"
127.0.0.1 - - [19/May/2021:20:39:07 +0530] "POST /wordpress/wp-admin/admin-ajax.php HTTP/1.1" 200 294 "http://localhost/wordpress/wp-admin/themes.php?page=starter-templates&ast-disable-activation-notice=&astra-site=id-51415&astra-page=id-51416" "Mozilla/5.0 (Windows NT 10.0; Win64; x64; rv:88.0) Gecko/20100101 Firefox/88.0"
127.0.0.1 - - [19/May/2021:20:39:21 +0530] "POST /wordpress/wp-admin/admin-ajax.php HTTP/1.1" 200 69 "http://localhost/wordpress/wp-admin/themes.php?page=starter-templates&ast-disable-activation-notice=&astra-site=id-51415&astra-page=id-51416" "Mozilla/5.0 (Windows NT 10.0; Win64; x64; rv:88.0) Gecko/20100101 Firefox/88.0"
127.0.0.1 - - [19/May/2021:20:39:24 +0530] "POST /wordpress/wp-admin/admin-ajax.php HTTP/1.1" 200 16 "http://localhost/wordpress/wp-admin/themes.php?page=starter-templates&ast-disable-activation-notice=&astra-site=id-51415&astra-page=id-51416" "Mozilla/5.0 (Windows NT 10.0; Win64; x64; rv:88.0) Gecko/20100101 Firefox/88.0"
::1 - - [19/May/2021:20:39:26 +0530] "POST /wordpress/wp-cron.php?doing_wp_cron=1621436966.8500239849090576171875 HTTP/1.1" 200 - "http://localhost/wordpress/wp-cron.php?doing_wp_cron=1621436966.8500239849090576171875" "WordPress/5.7.2; http://localhost/wordpress"
127.0.0.1 - - [19/May/2021:20:39:28 +0530] "POST /wordpress/wp-admin/admin-ajax.php HTTP/1.1" 200 33 "http://localhost/wordpress/wp-admin/themes.php?page=starter-templates&ast-disable-activation-notice=&astra-site=id-51415&astra-page=id-51416" "Mozilla/5.0 (Windows NT 10.0; Win64; x64; rv:88.0) Gecko/20100101 Firefox/88.0"
127.0.0.1 - - [19/May/2021:20:39:30 +0530] "POST /wordpress/wp-admin/admin-ajax.php HTTP/1.1" 200 163149 "http://localhost/wordpress/wp-admin/themes.php?page=starter-templates&ast-disable-activation-notice=&astra-site=id-51415&astra-page=id-51416" "Mozilla/5.0 (Windows NT 10.0; Win64; x64; rv:88.0) Gecko/20100101 Firefox/88.0"
::1 - - [19/May/2021:20:39:33 +0530] "POST /wordpress/wp-admin/admin-ajax.php?action=wp_astra_theme_db_migration&nonce=096a0219aa HTTP/1.1" 200 - "http://localhost/wordpress/wp-admin/admin-ajax.php?action=wp_astra_theme_db_migration&nonce=096a0219aa" "WordPress/5.7.2; http://localhost/wordpress"
127.0.0.1 - - [19/May/2021:20:39:34 +0530] "POST /wordpress/wp-admin/admin-ajax.php HTTP/1.1" 200 47 "http://localhost/wordpress/wp-admin/admin.php?page=elementor" "Mozilla/5.0 (Windows NT 10.0; Win64; x64; rv:88.0) Gecko/20100101 Firefox/88.0"
::1 - - [19/May/2021:20:39:34 +0530] "POST /wordpress/wp-cron.php?doing_wp_cron=1621436974.5643980503082275390625 HTTP/1.1" 500 2565 "http://localhost/wordpress/wp-cron.php?doing_wp_cron=1621436974.5643980503082275390625" "WordPress/5.7.2; http://localhost/wordpress"
127.0.0.1 - - [19/May/2021:20:39:32 +0530] "POST /wordpress/wp-admin/admin-ajax.php HTTP/1.1" 200 437 "http://localhost/wordpress/wp-admin/themes.php?page=starter-templates&ast-disable-activation-notice=&astra-site=id-51415&astra-page=id-51416" "Mozilla/5.0 (Windows NT 10.0; Win64; x64; rv:88.0) Gecko/20100101 Firefox/88.0"
